═══════════════════════════════════════════════════════════════
  测试类型：BenchmarkComparison
  测试时间：2026-07-11 11:55:47
  Git Commit：e36d15d
  版本：3.2.2
  JDK：25.0.1 (OpenJDK 64-Bit Server VM)
  OS：Windows 10 amd64
  CPUs：20
  Nat256：JNI
  参数：SM2(warmup=500, rounds=200, sets=5), SM3(warmup=500, rounds=1000, sets=5), SM4(warmup=50, rounds=20, sets=5, dataMBs=[1, 10, 20])
═══════════════════════════════════════════════════════════════

╔══ SM2 密钥对生成 ══╗
    预热 gm-java      500 次 ... 12 ms
    预热 BC           500 次 ... 53 ms
    预热 Hutool       500 次 ... 76 ms

  SM2 密钥生成             │ 200 次/轮
    gm-java   : 中位      3.0 ms │ 均值      3.0 │ 最小      3.0 │ 最大      3.0 │ avg/次 0.015 ms
    BC        : 中位      9.0 ms │ 均值     10.4 │ 最小      8.0 │ 最大     16.0 │ avg/次 0.052 ms
    Hutool    : 中位     14.0 ms │ 均值     15.2 │ 最小     13.0 │ 最大     20.0 │ avg/次 0.076 ms
    >>> gm-java 最快  BC慢 200.0%  Hutool慢 366.7%

╔══ SM2 加解密 ══╗
    预热 gm-enc       500 次 ... 43 ms
    预热 gm-dec       500 次 ... 30 ms
    预热 BC-enc       500 次 ... 93 ms
    预热 BC-dec       500 次 ... 56 ms
    预热 HT-enc       500 次 ... 85 ms
    预热 HT-dec       500 次 ... 51 ms

  SM2 加密               │ 200 次/轮
    gm-java   : 中位     15.0 ms │ 均值     15.4 │ 最小     15.0 │ 最大     16.0 │ avg/次 0.077 ms
    BC        : 中位     28.0 ms │ 均值     28.4 │ 最小     26.0 │ 最大     31.0 │ avg/次 0.142 ms
    Hutool    : 中位     26.0 ms │ 均值     29.2 │ 最小     26.0 │ 最大     41.0 │ avg/次 0.146 ms
    >>> gm-java 最快  BC慢 86.7%  Hutool慢 73.3%

  SM2 解密               │ 200 次/轮
    gm-java   : 中位     12.0 ms │ 均值     12.0 │ 最小     12.0 │ 最大     12.0 │ avg/次 0.060 ms
    BC        : 中位     21.0 ms │ 均值     25.2 │ 最小     18.0 │ 最大     35.0 │ avg/次 0.126 ms
    Hutool    : 中位     19.0 ms │ 均值     24.2 │ 最小     18.0 │ 最大     44.0 │ avg/次 0.121 ms
    >>> gm-java 最快  BC慢 75.0%  Hutool慢 58.3%

╔══ SM2 签名/验签 ══╗
    预热 gm-sign      500 次 ... 9 ms
    预热 gm-vrfy      500 次 ... 28 ms
    预热 BC-sign      500 次 ... 46 ms
    预热 BC-vrfy      500 次 ... 32 ms
    预热 HT-sign      500 次 ... 42 ms
    预热 HT-vrfy      500 次 ... 28 ms

  SM2 签名               │ 200 次/轮
    gm-java   : 中位      4.0 ms │ 均值      3.6 │ 最小      3.0 │ 最大      4.0 │ avg/次 0.018 ms
    BC        : 中位     17.0 ms │ 均值     17.8 │ 最小     17.0 │ 最大     20.0 │ avg/次 0.089 ms
    Hutool    : 中位     18.0 ms │ 均值     18.8 │ 最小     16.0 │ 最大     21.0 │ avg/次 0.094 ms
    >>> gm-java 最快  BC慢 325.0%  Hutool慢 350.0%

  SM2 验签               │ 200 次/轮
    gm-java   : 中位     11.0 ms │ 均值     11.0 │ 最小     11.0 │ 最大     11.0 │ avg/次 0.055 ms
    BC        : 中位     10.0 ms │ 均值     10.0 │ 最小      9.0 │ 最大     11.0 │ avg/次 0.050 ms
    Hutool    : 中位     10.0 ms │ 均值     10.4 │ 最小     10.0 │ 最大     11.0 │ avg/次 0.052 ms
    >>> BC 最快  gm-java慢 10.0%

╔══ SM3 哈希 ══╗
    预热 gm-16B       500 次 ... 0 ms
    预热 BC-16B       500 次 ... 0 ms
    预热 HT-16B       500 次 ... 3 ms

  SM3 (16B)            │ 1000 次/轮
    gm-java   : 中位      0.0 ms │ 均值      0.0 │ 最小      0.0 │ 最大      0.0 │ avg/次 0.000 ms
    BC        : 中位      0.0 ms │ 均值      0.4 │ 最小      0.0 │ 最大      1.0 │ avg/次 0.000 ms
    Hutool    : 中位      0.0 ms │ 均值      0.4 │ 最小      0.0 │ 最大      1.0 │ avg/次 0.000 ms
    >>> gm-java 最快
    预热 gm-1KB       500 次 ... 2 ms
    预热 BC-1KB       500 次 ... 2 ms
    预热 HT-1KB       500 次 ... 1 ms

  SM3 (1KB)            │ 1000 次/轮
    gm-java   : 中位      4.0 ms │ 均值      3.6 │ 最小      3.0 │ 最大      4.0 │ avg/次 0.004 ms
    BC        : 中位      3.0 ms │ 均值      3.0 │ 最小      3.0 │ 最大      3.0 │ avg/次 0.003 ms
    Hutool    : 中位      3.0 ms │ 均值      3.4 │ 最小      3.0 │ 最大      4.0 │ avg/次 0.003 ms
    >>> BC 最快  gm-java慢 33.3%
    预热 gm-64KB       500 次 ... 92 ms
    预热 BC-64KB       500 次 ... 99 ms
    预热 HT-64KB       500 次 ... 99 ms

  SM3 (64KB)           │ 1000 次/轮
    gm-java   : 中位    189.0 ms │ 均值    189.8 │ 最小    189.0 │ 最大    192.0 │ avg/次 0.190 ms
    BC        : 中位    193.0 ms │ 均值    193.0 │ 最小    191.0 │ 最大    195.0 │ avg/次 0.193 ms
    Hutool    : 中位    195.0 ms │ 均值    194.4 │ 最小    190.0 │ 最大    197.0 │ avg/次 0.194 ms
    >>> gm-java 最快  BC慢 2.1%  Hutool慢 3.2%
    预热 gm-1MB       500 次 ... 1516 ms
    预热 BC-1MB       500 次 ... 1525 ms
    预热 HT-1MB       500 次 ... 1525 ms

  SM3 (1MB)            │ 1000 次/轮
    gm-java   : 中位   2982.0 ms │ 均值   2982.0 │ 最小   2962.0 │ 最大   2994.0 │ avg/次 2.982 ms
    BC        : 中位   3030.0 ms │ 均值   3031.6 │ 最小   3010.0 │ 最大   3049.0 │ avg/次 3.032 ms
    Hutool    : 中位   3046.0 ms │ 均值   3043.6 │ 最小   3029.0 │ 最大   3055.0 │ avg/次 3.044 ms
    >>> gm-java 最快  BC慢 1.6%  Hutool慢 2.1%

╔══ SM4 对称加解密 (1MB, warmup=50, rounds=20) ══╗
    预热 gm-ECB       50 次 ... 78 ms
    预热 BC-ECB       50 次 ... 378 ms
    预热 HT-ECB       50 次 ... 380 ms

  SM4-ECB 加密                     │ 20 × 1MB
    gm-java   : 中位     16.0 ms │ 均值     15.6 │ 最小     14.0 │ 最大     17.0 │ 1250.0 MB/s
    BC        : 中位    149.0 ms │ 均值    148.6 │ 最小    147.0 │ 最大    150.0 │ 134.2 MB/s
    Hutool    : 中位    147.0 ms │ 均值    147.0 │ 最小    143.0 │ 最大    150.0 │ 136.1 MB/s
    >>> gm-java 最快  BC慢 831.3%  Hutool慢 818.8%

  SM4-ECB 解密                     │ 20 × 1MB
    gm-java   : 中位     14.0 ms │ 均值     25.4 │ 最小     13.0 │ 最大     72.0 │ 1428.6 MB/s
    BC        : 中位    148.0 ms │ 均值    147.4 │ 最小    145.0 │ 最大    148.0 │ 135.1 MB/s
    Hutool    : 中位    150.0 ms │ 均值    150.4 │ 最小    146.0 │ 最大    153.0 │ 133.3 MB/s
    >>> gm-java 最快  BC慢 957.1%  Hutool慢 971.4%
    预热 gm-CBC       50 次 ... 275 ms
    预热 BC-CBC       50 次 ... 369 ms
    预热 HT-CBC       50 次 ... 425 ms

  SM4-CBC 加密                     │ 20 × 1MB
    gm-java   : 中位    105.0 ms │ 均值    103.8 │ 最小    100.0 │ 最大    107.0 │ 190.5 MB/s
    BC        : 中位    146.0 ms │ 均值    145.6 │ 最小    142.0 │ 最大    148.0 │ 137.0 MB/s
    Hutool    : 中位    164.0 ms │ 均值    164.6 │ 最小    161.0 │ 最大    168.0 │ 122.0 MB/s
    >>> gm-java 最快  BC慢 39.0%  Hutool慢 56.2%

  SM4-CBC 解密                     │ 20 × 1MB
    gm-java   : 中位     16.0 ms │ 均值     29.8 │ 最小     16.0 │ 最大     85.0 │ 1250.0 MB/s
    BC        : 中位    148.0 ms │ 均值    147.0 │ 最小    144.0 │ 最大    150.0 │ 135.1 MB/s
    Hutool    : 中位    166.0 ms │ 均值    166.0 │ 最小    162.0 │ 最大    171.0 │ 120.5 MB/s
    >>> gm-java 最快  BC慢 825.0%  Hutool慢 937.5%
    预热 gm-CTR       50 次 ... 71 ms
    预热 BC-CTR       50 次 ... 370 ms
    预热 HT-CTR       50 次 ... 418 ms

  SM4-CTR 加密 [gm多线程]             │ 20 × 1MB
    gm-java   : 中位     15.0 ms │ 均值     14.6 │ 最小     13.0 │ 最大     16.0 │ 1333.3 MB/s
    BC        : 中位    147.0 ms │ 均值    148.0 │ 最小    146.0 │ 最大    151.0 │ 136.1 MB/s
    Hutool    : 中位    163.0 ms │ 均值    163.6 │ 最小    160.0 │ 最大    168.0 │ 122.7 MB/s
    >>> gm-java 最快  BC慢 880.0%  Hutool慢 986.7%

  SM4-CTR 解密 [gm多线程]             │ 20 × 1MB
    gm-java   : 中位     15.0 ms │ 均值     15.0 │ 最小     14.0 │ 最大     16.0 │ 1333.3 MB/s
    BC        : 中位    292.0 ms │ 均值    291.8 │ 最小    284.0 │ 最大    296.0 │ 68.5 MB/s
    Hutool    : 中位    329.0 ms │ 均值    328.6 │ 最小    323.0 │ 最大    334.0 │ 60.8 MB/s
    >>> gm-java 最快  BC慢 1846.7%  Hutool慢 2093.3%

╔══ SM4 对称加解密 (10MB, warmup=25, rounds=10) ══╗
    预热 gm-ECB       25 次 ... 176 ms
    预热 BC-ECB       25 次 ... 1830 ms
    预热 HT-ECB       25 次 ... 1829 ms

  SM4-ECB 加密                     │ 10 × 10MB
    gm-java   : 中位     71.0 ms │ 均值     71.2 │ 最小     69.0 │ 最大     73.0 │ 1408.5 MB/s
    BC        : 中位    732.0 ms │ 均值    728.2 │ 最小    719.0 │ 最大    736.0 │ 136.6 MB/s
    Hutool    : 中位    733.0 ms │ 均值    733.4 │ 最小    722.0 │ 最大    743.0 │ 136.4 MB/s
    >>> gm-java 最快  BC慢 931.0%  Hutool慢 932.4%

  SM4-ECB 解密                     │ 10 × 10MB
    gm-java   : 中位     70.0 ms │ 均值     69.4 │ 最小     65.0 │ 最大     71.0 │ 1428.6 MB/s
    BC        : 中位    728.0 ms │ 均值    727.2 │ 最小    720.0 │ 最大    734.0 │ 137.4 MB/s
    Hutool    : 中位    748.0 ms │ 均值    750.4 │ 最小    746.0 │ 最大    758.0 │ 133.7 MB/s
    >>> gm-java 最快  BC慢 940.0%  Hutool慢 968.6%
    预热 gm-CBC       25 次 ... 1328 ms
    预热 BC-CBC       25 次 ... 1831 ms
    预热 HT-CBC       25 次 ... 2055 ms

  SM4-CBC 加密                     │ 10 × 10MB
    gm-java   : 中位    523.0 ms │ 均值    524.4 │ 最小    517.0 │ 最大    532.0 │ 191.2 MB/s
    BC        : 中位    731.0 ms │ 均值    734.6 │ 最小    728.0 │ 最大    746.0 │ 136.8 MB/s
    Hutool    : 中位    822.0 ms │ 均值    824.0 │ 最小    805.0 │ 最大    850.0 │ 121.7 MB/s
    >>> gm-java 最快  BC慢 39.8%  Hutool慢 57.2%

  SM4-CBC 解密                     │ 10 × 10MB
    gm-java   : 中位     72.0 ms │ 均值     72.8 │ 最小     72.0 │ 最大     75.0 │ 1388.9 MB/s
    BC        : 中位    734.0 ms │ 均值    732.2 │ 最小    725.0 │ 最大    738.0 │ 136.2 MB/s
    Hutool    : 中位    832.0 ms │ 均值    830.0 │ 最小    822.0 │ 最大    835.0 │ 120.2 MB/s
    >>> gm-java 最快  BC慢 919.4%  Hutool慢 1055.6%
    预热 gm-CTR       25 次 ... 125 ms
    预热 BC-CTR       25 次 ... 1838 ms
    预热 HT-CTR       25 次 ... 2049 ms

  SM4-CTR 加密 [gm多线程]             │ 10 × 10MB
    gm-java   : 中位     52.0 ms │ 均值     52.0 │ 最小     51.0 │ 最大     53.0 │ 1923.1 MB/s
    BC        : 中位    734.0 ms │ 均值    734.0 │ 最小    733.0 │ 最大    735.0 │ 136.2 MB/s
    Hutool    : 中位    830.0 ms │ 均值    827.4 │ 最小    821.0 │ 最大    832.0 │ 120.5 MB/s
    >>> gm-java 最快  BC慢 1311.5%  Hutool慢 1496.2%

  SM4-CTR 解密 [gm多线程]             │ 10 × 10MB
    gm-java   : 中位     51.0 ms │ 均值     51.2 │ 最小     49.0 │ 最大     53.0 │ 1960.8 MB/s
    BC        : 中位   1467.0 ms │ 均值   1461.8 │ 最小   1449.0 │ 最大   1472.0 │ 68.2 MB/s
    Hutool    : 中位   1653.0 ms │ 均值   1644.4 │ 最小   1617.0 │ 最大   1659.0 │ 60.5 MB/s
    >>> gm-java 最快  BC慢 2776.5%  Hutool慢 3141.2%

╔══ SM4 对称加解密 (20MB, warmup=10, rounds=5) ══╗
    预热 gm-ECB       10 次 ... 145 ms
    预热 BC-ECB       10 次 ... 1461 ms
    预热 HT-ECB       10 次 ... 1466 ms

  SM4-ECB 加密                     │ 5 × 20MB
    gm-java   : 中位     72.0 ms │ 均值     71.2 │ 最小     69.0 │ 最大     73.0 │ 1388.9 MB/s
    BC        : 中位    735.0 ms │ 均值    731.0 │ 最小    719.0 │ 最大    739.0 │ 136.1 MB/s
    Hutool    : 中位    735.0 ms │ 均值    733.0 │ 最小    722.0 │ 最大    743.0 │ 136.1 MB/s
    >>> gm-java 最快  BC慢 920.8%  Hutool慢 920.8%

  SM4-ECB 解密                     │ 5 × 20MB
    gm-java   : 中位     67.0 ms │ 均值     67.0 │ 最小     64.0 │ 最大     70.0 │ 1492.5 MB/s
    BC        : 中位    738.0 ms │ 均值    734.4 │ 最小    720.0 │ 最大    743.0 │ 135.5 MB/s
    Hutool    : 中位    759.0 ms │ 均值    756.0 │ 最小    745.0 │ 最大    763.0 │ 131.8 MB/s
    >>> gm-java 最快  BC慢 1001.5%  Hutool慢 1032.8%
    预热 gm-CBC       10 次 ... 1060 ms
    预热 BC-CBC       10 次 ... 1472 ms
    预热 HT-CBC       10 次 ... 1648 ms

  SM4-CBC 加密                     │ 5 × 20MB
    gm-java   : 中位    528.0 ms │ 均值    529.2 │ 最小    521.0 │ 最大    536.0 │ 189.4 MB/s
    BC        : 中位    728.0 ms │ 均值    728.0 │ 最小    717.0 │ 最大    742.0 │ 137.4 MB/s
    Hutool    : 中位    838.0 ms │ 均值    834.8 │ 最小    825.0 │ 最大    840.0 │ 119.3 MB/s
    >>> gm-java 最快  BC慢 37.9%  Hutool慢 58.7%

  SM4-CBC 解密                     │ 5 × 20MB
    gm-java   : 中位     69.0 ms │ 均值     70.6 │ 最小     68.0 │ 最大     76.0 │ 1449.3 MB/s
    BC        : 中位    723.0 ms │ 均值    724.8 │ 最小    719.0 │ 最大    736.0 │ 138.3 MB/s
    Hutool    : 中位    827.0 ms │ 均值    826.6 │ 最小    814.0 │ 最大    837.0 │ 120.9 MB/s
    >>> gm-java 最快  BC慢 947.8%  Hutool慢 1098.6%
    预热 gm-CTR       10 次 ... 99 ms
    预热 BC-CTR       10 次 ... 1443 ms
    预热 HT-CTR       10 次 ... 1643 ms

  SM4-CTR 加密 [gm多线程]             │ 5 × 20MB
    gm-java   : 中位     50.0 ms │ 均值     50.4 │ 最小     48.0 │ 最大     53.0 │ 2000.0 MB/s
    BC        : 中位    735.0 ms │ 均值    735.0 │ 最小    720.0 │ 最大    744.0 │ 136.1 MB/s
    Hutool    : 中位    817.0 ms │ 均值    819.4 │ 最小    812.0 │ 最大    834.0 │ 122.4 MB/s
    >>> gm-java 最快  BC慢 1370.0%  Hutool慢 1534.0%

  SM4-CTR 解密 [gm多线程]             │ 5 × 20MB
    gm-java   : 中位     50.0 ms │ 均值     50.2 │ 最小     47.0 │ 最大     53.0 │ 2000.0 MB/s
    BC        : 中位   1448.0 ms │ 均值   1451.2 │ 最小   1446.0 │ 最大   1460.0 │ 69.1 MB/s
    Hutool    : 中位   1645.0 ms │ 均值   1646.4 │ 最小   1643.0 │ 最大   1653.0 │ 60.8 MB/s
    >>> gm-java 最快  BC慢 2796.0%  Hutool慢 3190.0%

═══════════════════════════════════════════════════════════════
  全部测试完成
═══════════════════════════════════════════════════════════════

  报告已保存:
    reports\benchmark-comparison-20260711-115547-JDK25.log
    reports\summary-20260711-115547.md
