═══════════════════════════════════════════════════════════════
  测试类型：BenchmarkComparison
  测试时间：2026-07-11 17:30:23
  Git Commit：e36d15d
  版本：3.2.2
  JDK：25.0.3 (Java HotSpot(TM) 64-Bit Server VM)
  OS：Windows 10 amd64
  CPUs：20
  Nat256：JNI
  参数：SM2(warmup=500, rounds=200, sets=5), SM3(warmup=500, rounds=1000, sets=5), SM4(warmup=50, rounds=20, sets=5, dataMBs=[1, 10, 20])
═══════════════════════════════════════════════════════════════

╔══ SM2 密钥对生成 ══╗
    预热 gm-java      500 次 ... 12 ms
    预热 BC           500 次 ... 55 ms
    预热 Hutool       500 次 ... 78 ms

  SM2 密钥生成             │ 200 次/轮
    gm-java   : 中位      3.0 ms │ 均值      3.0 │ 最小      3.0 │ 最大      3.0 │ avg/次 0.015 ms
    BC        : 中位      9.0 ms │ 均值      9.8 │ 最小      8.0 │ 最大     14.0 │ avg/次 0.049 ms
    Hutool    : 中位     16.0 ms │ 均值     14.8 │ 最小     12.0 │ 最大     17.0 │ avg/次 0.074 ms
    >>> gm-java 最快  BC慢 200.0%  Hutool慢 433.3%

╔══ SM2 加解密 ══╗
    预热 gm-enc       500 次 ... 44 ms
    预热 gm-dec       500 次 ... 31 ms
    预热 BC-enc       500 次 ... 79 ms
    预热 BC-dec       500 次 ... 51 ms
    预热 HT-enc       500 次 ... 73 ms
    预热 HT-dec       500 次 ... 52 ms

  SM2 加密               │ 200 次/轮
    gm-java   : 中位     16.0 ms │ 均值     16.0 │ 最小     16.0 │ 最大     16.0 │ avg/次 0.080 ms
    BC        : 中位     29.0 ms │ 均值     32.6 │ 最小     27.0 │ 最大     50.0 │ avg/次 0.163 ms
    Hutool    : 中位     28.0 ms │ 均值     27.6 │ 最小     26.0 │ 最大     29.0 │ avg/次 0.138 ms
    >>> gm-java 最快  BC慢 81.3%  Hutool慢 75.0%

  SM2 解密               │ 200 次/轮
    gm-java   : 中位     12.0 ms │ 均值     12.0 │ 最小     11.0 │ 最大     13.0 │ avg/次 0.060 ms
    BC        : 中位     21.0 ms │ 均值     20.2 │ 最小     18.0 │ 最大     23.0 │ avg/次 0.101 ms
    Hutool    : 中位     18.0 ms │ 均值     18.2 │ 最小     18.0 │ 最大     19.0 │ avg/次 0.091 ms
    >>> gm-java 最快  BC慢 75.0%  Hutool慢 50.0%

╔══ SM2 签名/验签 ══╗
    预热 gm-sign      500 次 ... 9 ms
    预热 gm-vrfy      500 次 ... 27 ms
    预热 BC-sign      500 次 ... 48 ms
    预热 BC-vrfy      500 次 ... 39 ms
    预热 HT-sign      500 次 ... 52 ms
    预热 HT-vrfy      500 次 ... 31 ms

  SM2 签名               │ 200 次/轮
    gm-java   : 中位      3.0 ms │ 均值      3.4 │ 最小      3.0 │ 最大      4.0 │ avg/次 0.017 ms
    BC        : 中位     18.0 ms │ 均值     18.4 │ 最小     18.0 │ 最大     19.0 │ avg/次 0.092 ms
    Hutool    : 中位     17.0 ms │ 均值     17.4 │ 最小     17.0 │ 最大     18.0 │ avg/次 0.087 ms
    >>> gm-java 最快  BC慢 500.0%  Hutool慢 466.7%

  SM2 验签               │ 200 次/轮
    gm-java   : 中位     11.0 ms │ 均值     11.2 │ 最小     11.0 │ 最大     12.0 │ avg/次 0.056 ms
    BC        : 中位     10.0 ms │ 均值     10.4 │ 最小     10.0 │ 最大     11.0 │ avg/次 0.052 ms
    Hutool    : 中位     10.0 ms │ 均值     10.6 │ 最小     10.0 │ 最大     12.0 │ avg/次 0.053 ms
    >>> BC 最快  gm-java慢 10.0%

╔══ SM3 哈希 ══╗
    预热 gm-16B       500 次 ... 0 ms
    预热 BC-16B       500 次 ... 0 ms
    预热 HT-16B       500 次 ... 4 ms

  SM3 (16B)            │ 1000 次/轮
    gm-java   : 中位      0.0 ms │ 均值      0.2 │ 最小      0.0 │ 最大      1.0 │ avg/次 0.000 ms
    BC        : 中位      0.0 ms │ 均值      0.0 │ 最小      0.0 │ 最大      0.0 │ avg/次 0.000 ms
    Hutool    : 中位      1.0 ms │ 均值      0.6 │ 最小      0.0 │ 最大      1.0 │ avg/次 0.001 ms
    >>> gm-java 最快  Hutool慢 Infinity%
    预热 gm-1KB       500 次 ... 2 ms
    预热 BC-1KB       500 次 ... 1 ms
    预热 HT-1KB       500 次 ... 2 ms

  SM3 (1KB)            │ 1000 次/轮
    gm-java   : 中位      3.0 ms │ 均值      3.4 │ 最小      3.0 │ 最大      4.0 │ avg/次 0.003 ms
    BC        : 中位      3.0 ms │ 均值      3.4 │ 最小      3.0 │ 最大      4.0 │ avg/次 0.003 ms
    Hutool    : 中位      4.0 ms │ 均值      3.8 │ 最小      3.0 │ 最大      4.0 │ avg/次 0.004 ms
    >>> gm-java 最快  Hutool慢 33.3%
    预热 gm-64KB       500 次 ... 97 ms
    预热 BC-64KB       500 次 ... 100 ms
    预热 HT-64KB       500 次 ... 106 ms

  SM3 (64KB)           │ 1000 次/轮
    gm-java   : 中位    192.0 ms │ 均值    192.2 │ 最小    192.0 │ 最大    193.0 │ avg/次 0.192 ms
    BC        : 中位    199.0 ms │ 均值    199.0 │ 最小    198.0 │ 最大    200.0 │ avg/次 0.199 ms
    Hutool    : 中位    214.0 ms │ 均值    213.4 │ 最小    212.0 │ 最大    214.0 │ avg/次 0.213 ms
    >>> gm-java 最快  BC慢 3.6%  Hutool慢 11.5%
    预热 gm-1MB       500 次 ... 1532 ms
    预热 BC-1MB       500 次 ... 1594 ms
    预热 HT-1MB       500 次 ... 1683 ms

  SM3 (1MB)            │ 1000 次/轮
    gm-java   : 中位   3067.0 ms │ 均值   3076.2 │ 最小   3067.0 │ 最大   3101.0 │ avg/次 3.076 ms
    BC        : 中位   3180.0 ms │ 均值   3181.6 │ 最小   3173.0 │ 最大   3192.0 │ avg/次 3.182 ms
    Hutool    : 中位   3378.0 ms │ 均值   3390.4 │ 最小   3369.0 │ 最大   3417.0 │ avg/次 3.390 ms
    >>> gm-java 最快  BC慢 3.7%  Hutool慢 10.1%

╔══ SM4 对称加解密 (1MB, warmup=50, rounds=20) ══╗
    预热 gm-ECB       50 次 ... 93 ms
    预热 BC-ECB       50 次 ... 383 ms
    预热 HT-ECB       50 次 ... 385 ms

  SM4-ECB 加密                     │ 20 × 1MB
    gm-java   : 中位     16.0 ms │ 均值     23.2 │ 最小     13.0 │ 最大     53.0 │ 1250.0 MB/s
    BC        : 中位    152.0 ms │ 均值    152.4 │ 最小    151.0 │ 最大    155.0 │ 131.6 MB/s
    Hutool    : 中位    153.0 ms │ 均值    153.2 │ 最小    152.0 │ 最大    155.0 │ 130.7 MB/s
    >>> gm-java 最快  BC慢 850.0%  Hutool慢 856.3%

  SM4-ECB 解密                     │ 20 × 1MB
    gm-java   : 中位     18.0 ms │ 均值     23.2 │ 最小     15.0 │ 最大     50.0 │ 1111.1 MB/s
    BC        : 中位    151.0 ms │ 均值    150.8 │ 最小    149.0 │ 最大    152.0 │ 132.5 MB/s
    Hutool    : 中位    155.0 ms │ 均值    155.2 │ 最小    154.0 │ 最大    156.0 │ 129.0 MB/s
    >>> gm-java 最快  BC慢 738.9%  Hutool慢 761.1%
    预热 gm-CBC       50 次 ... 287 ms
    预热 BC-CBC       50 次 ... 376 ms
    预热 HT-CBC       50 次 ... 427 ms

  SM4-CBC 加密                     │ 20 × 1MB
    gm-java   : 中位    113.0 ms │ 均值    113.6 │ 最小    113.0 │ 最大    115.0 │ 177.0 MB/s
    BC        : 中位    150.0 ms │ 均值    150.0 │ 最小    149.0 │ 最大    151.0 │ 133.3 MB/s
    Hutool    : 中位    172.0 ms │ 均值    171.2 │ 最小    169.0 │ 最大    172.0 │ 116.3 MB/s
    >>> gm-java 最快  BC慢 32.7%  Hutool慢 52.2%

  SM4-CBC 解密                     │ 20 × 1MB
    gm-java   : 中位     17.0 ms │ 均值     30.2 │ 最小     16.0 │ 最大     85.0 │ 1176.5 MB/s
    BC        : 中位    151.0 ms │ 均值    150.4 │ 最小    149.0 │ 最大    151.0 │ 132.5 MB/s
    Hutool    : 中位    171.0 ms │ 均值    170.8 │ 最小    169.0 │ 最大    173.0 │ 117.0 MB/s
    >>> gm-java 最快  BC慢 788.2%  Hutool慢 905.9%
    预热 gm-CTR       50 次 ... 77 ms
    预热 BC-CTR       50 次 ... 375 ms
    预热 HT-CTR       50 次 ... 422 ms

  SM4-CTR 加密 [gm多线程]             │ 20 × 1MB
    gm-java   : 中位     15.0 ms │ 均值     15.0 │ 最小     13.0 │ 最大     18.0 │ 1333.3 MB/s
    BC        : 中位    150.0 ms │ 均值    149.8 │ 最小    149.0 │ 最大    151.0 │ 133.3 MB/s
    Hutool    : 中位    168.0 ms │ 均值    167.8 │ 最小    166.0 │ 最大    169.0 │ 119.0 MB/s
    >>> gm-java 最快  BC慢 900.0%  Hutool慢 1020.0%

  SM4-CTR 解密 [gm多线程]             │ 20 × 1MB
    gm-java   : 中位     13.0 ms │ 均值     13.4 │ 最小     13.0 │ 最大     14.0 │ 1538.5 MB/s
    BC        : 中位    300.0 ms │ 均值    300.4 │ 最小    300.0 │ 最大    301.0 │ 66.7 MB/s
    Hutool    : 中位    335.0 ms │ 均值    335.4 │ 最小    335.0 │ 最大    336.0 │ 59.7 MB/s
    >>> gm-java 最快  BC慢 2207.7%  Hutool慢 2476.9%

╔══ SM4 对称加解密 (10MB, warmup=25, rounds=10) ══╗
    预热 gm-ECB       25 次 ... 176 ms
    预热 BC-ECB       25 次 ... 1872 ms
    预热 HT-ECB       25 次 ... 1891 ms

  SM4-ECB 加密                     │ 10 × 10MB
    gm-java   : 中位     71.0 ms │ 均值     71.4 │ 最小     66.0 │ 最大     76.0 │ 1408.5 MB/s
    BC        : 中位    752.0 ms │ 均值    751.8 │ 最小    750.0 │ 最大    753.0 │ 133.0 MB/s
    Hutool    : 中位    760.0 ms │ 均值    760.0 │ 最小    758.0 │ 最大    762.0 │ 131.6 MB/s
    >>> gm-java 最快  BC慢 959.2%  Hutool慢 970.4%

  SM4-ECB 解密                     │ 10 × 10MB
    gm-java   : 中位     71.0 ms │ 均值     70.4 │ 最小     68.0 │ 最大     73.0 │ 1408.5 MB/s
    BC        : 中位    749.0 ms │ 均值    749.2 │ 最小    747.0 │ 最大    751.0 │ 133.5 MB/s
    Hutool    : 中位    775.0 ms │ 均值    776.6 │ 最小    773.0 │ 最大    781.0 │ 129.0 MB/s
    >>> gm-java 最快  BC慢 954.9%  Hutool慢 991.5%
    预热 gm-CBC       25 次 ... 1430 ms
    预热 BC-CBC       25 次 ... 1880 ms
    预热 HT-CBC       25 次 ... 2136 ms

  SM4-CBC 加密                     │ 10 × 10MB
    gm-java   : 中位    571.0 ms │ 均值    571.4 │ 最小    570.0 │ 最大    573.0 │ 175.1 MB/s
    BC        : 中位    750.0 ms │ 均值    750.2 │ 最小    749.0 │ 最大    752.0 │ 133.3 MB/s
    Hutool    : 中位    852.0 ms │ 均值    853.2 │ 最小    851.0 │ 最大    857.0 │ 117.4 MB/s
    >>> gm-java 最快  BC慢 31.3%  Hutool慢 49.2%

  SM4-CBC 解密                     │ 10 × 10MB
    gm-java   : 中位     72.0 ms │ 均值     73.6 │ 最小     72.0 │ 最大     79.0 │ 1388.9 MB/s
    BC        : 中位    752.0 ms │ 均值    751.2 │ 最小    748.0 │ 最大    754.0 │ 133.0 MB/s
    Hutool    : 中位    857.0 ms │ 均值    856.6 │ 最小    853.0 │ 最大    860.0 │ 116.7 MB/s
    >>> gm-java 最快  BC慢 944.4%  Hutool慢 1090.3%
    预热 gm-CTR       25 次 ... 132 ms
    预热 BC-CTR       25 次 ... 1880 ms
    预热 HT-CTR       25 次 ... 2130 ms

  SM4-CTR 加密 [gm多线程]             │ 10 × 10MB
    gm-java   : 中位     61.0 ms │ 均值     65.2 │ 最小     56.0 │ 最大     86.0 │ 1639.3 MB/s
    BC        : 中位    752.0 ms │ 均值    752.8 │ 最小    748.0 │ 最大    758.0 │ 133.0 MB/s
    Hutool    : 中位    841.0 ms │ 均值    841.4 │ 最小    837.0 │ 最大    846.0 │ 118.9 MB/s
    >>> gm-java 最快  BC慢 1132.8%  Hutool慢 1278.7%

  SM4-CTR 解密 [gm多线程]             │ 10 × 10MB
    gm-java   : 中位     56.0 ms │ 均值     56.0 │ 最小     54.0 │ 最大     58.0 │ 1785.7 MB/s
    BC        : 中位   1504.0 ms │ 均值   1510.0 │ 最小   1503.0 │ 最大   1533.0 │ 66.5 MB/s
    Hutool    : 中位   1682.0 ms │ 均值   1683.4 │ 最小   1677.0 │ 最大   1694.0 │ 59.5 MB/s
    >>> gm-java 最快  BC慢 2585.7%  Hutool慢 2903.6%

╔══ SM4 对称加解密 (20MB, warmup=10, rounds=5) ══╗
    预热 gm-ECB       10 次 ... 163 ms
    预热 BC-ECB       10 次 ... 1504 ms
    预热 HT-ECB       10 次 ... 1515 ms

  SM4-ECB 加密                     │ 5 × 20MB
    gm-java   : 中位     80.0 ms │ 均值     79.2 │ 最小     70.0 │ 最大     87.0 │ 1250.0 MB/s
    BC        : 中位    750.0 ms │ 均值    751.0 │ 最小    749.0 │ 最大    754.0 │ 133.3 MB/s
    Hutool    : 中位    759.0 ms │ 均值    762.2 │ 最小    757.0 │ 最大    777.0 │ 131.8 MB/s
    >>> gm-java 最快  BC慢 837.5%  Hutool慢 848.8%

  SM4-ECB 解密                     │ 5 × 20MB
    gm-java   : 中位     70.0 ms │ 均值     70.6 │ 最小     68.0 │ 最大     73.0 │ 1428.6 MB/s
    BC        : 中位    751.0 ms │ 均值    751.2 │ 最小    749.0 │ 最大    754.0 │ 133.2 MB/s
    Hutool    : 中位    779.0 ms │ 均值    781.0 │ 最小    774.0 │ 最大    792.0 │ 128.4 MB/s
    >>> gm-java 最快  BC慢 972.9%  Hutool慢 1012.9%
    预热 gm-CBC       10 次 ... 1134 ms
    预热 BC-CBC       10 次 ... 1505 ms
    预热 HT-CBC       10 次 ... 1724 ms

  SM4-CBC 加密                     │ 5 × 20MB
    gm-java   : 中位    571.0 ms │ 均值    573.8 │ 最小    567.0 │ 最大    585.0 │ 175.1 MB/s
    BC        : 中位    753.0 ms │ 均值    751.8 │ 最小    748.0 │ 最大    755.0 │ 132.8 MB/s
    Hutool    : 中位    856.0 ms │ 均值    862.0 │ 最小    851.0 │ 最大    893.0 │ 116.8 MB/s
    >>> gm-java 最快  BC慢 31.9%  Hutool慢 49.9%

  SM4-CBC 解密                     │ 5 × 20MB
    gm-java   : 中位     70.0 ms │ 均值     70.2 │ 最小     69.0 │ 最大     72.0 │ 1428.6 MB/s
    BC        : 中位    751.0 ms │ 均值    751.2 │ 最小    747.0 │ 最大    756.0 │ 133.2 MB/s
    Hutool    : 中位    854.0 ms │ 均值    855.0 │ 最小    851.0 │ 最大    860.0 │ 117.1 MB/s
    >>> gm-java 最快  BC慢 972.9%  Hutool慢 1120.0%
    预热 gm-CTR       10 次 ... 100 ms
    预热 BC-CTR       10 次 ... 1495 ms
    预热 HT-CTR       10 次 ... 1672 ms

  SM4-CTR 加密 [gm多线程]             │ 5 × 20MB
    gm-java   : 中位     54.0 ms │ 均值     53.4 │ 最小     50.0 │ 最大     55.0 │ 1851.9 MB/s
    BC        : 中位    750.0 ms │ 均值    750.8 │ 最小    749.0 │ 最大    753.0 │ 133.3 MB/s
    Hutool    : 中位    837.0 ms │ 均值    837.2 │ 最小    836.0 │ 最大    838.0 │ 119.5 MB/s
    >>> gm-java 最快  BC慢 1288.9%  Hutool慢 1450.0%

  SM4-CTR 解密 [gm多线程]             │ 5 × 20MB
    gm-java   : 中位     54.0 ms │ 均值     53.2 │ 最小     51.0 │ 最大     55.0 │ 1851.9 MB/s
    BC        : 中位   1499.0 ms │ 均值   1507.4 │ 最小   1497.0 │ 最大   1543.0 │ 66.7 MB/s
    Hutool    : 中位   1674.0 ms │ 均值   1679.2 │ 最小   1669.0 │ 最大   1705.0 │ 59.7 MB/s
    >>> gm-java 最快  BC慢 2675.9%  Hutool慢 3000.0%

═══════════════════════════════════════════════════════════════
  全部测试完成
═══════════════════════════════════════════════════════════════

  报告已保存:
    reports\benchmark-comparison-20260711-173023-JDK25.log
    reports\summary-20260711-173023.md
