═══════════════════════════════════════════════════════════════
  测试类型：BenchmarkComparison
  测试时间：2026-07-13 09:32:13
  Git Commit：e36d15d
  版本：3.2.2
  JDK：25.0.1 (OpenJDK 64-Bit Server VM)
  OS：Windows 10 amd64
  CPUs：20
  Nat256：JNI
  参数：SM2(warmup=500, rounds=200, sets=5), SM3(warmup=500, rounds=1000, sets=5), SM4(warmup=50, rounds=20, sets=5, dataMBs=[1, 10, 20])
═══════════════════════════════════════════════════════════════

╔══ SM2 密钥对生成 ══╗
    预热 gm-java      500 次 ... 12 ms
    预热 BC           500 次 ... 53 ms
    预热 Hutool       500 次 ... 74 ms

  SM2 密钥生成             │ 200 次/轮
    gm-java   : 中位      3.0 ms │ 均值      3.0 │ 最小      3.0 │ 最大      3.0 │ avg/次 0.015 ms
    BC        : 中位     10.0 ms │ 均值     11.2 │ 最小      9.0 │ 最大     18.0 │ avg/次 0.056 ms
    Hutool    : 中位     14.0 ms │ 均值     13.6 │ 最小     11.0 │ 最大     16.0 │ avg/次 0.068 ms
    >>> gm-java 最快  BC慢 233.3%  Hutool慢 366.7%

╔══ SM2 加解密 ══╗
    预热 gm-enc       500 次 ... 44 ms
    预热 gm-dec       500 次 ... 31 ms
    预热 BC-enc       500 次 ... 93 ms
    预热 BC-dec       500 次 ... 53 ms
    预热 HT-enc       500 次 ... 77 ms
    预热 HT-dec       500 次 ... 49 ms

  SM2 加密               │ 200 次/轮
    gm-java   : 中位     16.0 ms │ 均值     15.8 │ 最小     15.0 │ 最大     17.0 │ avg/次 0.079 ms
    BC        : 中位     32.0 ms │ 均值     33.6 │ 最小     28.0 │ 最大     45.0 │ avg/次 0.168 ms
    Hutool    : 中位     29.0 ms │ 均值     30.8 │ 最小     27.0 │ 最大     40.0 │ avg/次 0.154 ms
    >>> gm-java 最快  BC慢 100.0%  Hutool慢 81.3%

  SM2 解密               │ 200 次/轮
    gm-java   : 中位     12.0 ms │ 均值     12.2 │ 最小     12.0 │ 最大     13.0 │ avg/次 0.061 ms
    BC        : 中位     21.0 ms │ 均值     23.0 │ 最小     18.0 │ 最大     37.0 │ avg/次 0.115 ms
    Hutool    : 中位     22.0 ms │ 均值     23.4 │ 最小     18.0 │ 最大     32.0 │ avg/次 0.117 ms
    >>> gm-java 最快  BC慢 75.0%  Hutool慢 83.3%

╔══ SM2 签名/验签 ══╗
    预热 gm-sign      500 次 ... 9 ms
    预热 gm-vrfy      500 次 ... 27 ms
    预热 BC-sign      500 次 ... 45 ms
    预热 BC-vrfy      500 次 ... 34 ms
    预热 HT-sign      500 次 ... 48 ms
    预热 HT-vrfy      500 次 ... 26 ms

  SM2 签名               │ 200 次/轮
    gm-java   : 中位      3.0 ms │ 均值      3.4 │ 最小      3.0 │ 最大      4.0 │ avg/次 0.017 ms
    BC        : 中位     17.0 ms │ 均值     17.0 │ 最小     16.0 │ 最大     18.0 │ avg/次 0.085 ms
    Hutool    : 中位     17.0 ms │ 均值     17.8 │ 最小     17.0 │ 最大     19.0 │ avg/次 0.089 ms
    >>> gm-java 最快  BC慢 466.7%  Hutool慢 466.7%

  SM2 验签               │ 200 次/轮
    gm-java   : 中位     11.0 ms │ 均值     11.0 │ 最小     11.0 │ 最大     11.0 │ avg/次 0.055 ms
    BC        : 中位     10.0 ms │ 均值      9.8 │ 最小      9.0 │ 最大     10.0 │ avg/次 0.049 ms
    Hutool    : 中位     10.0 ms │ 均值      9.8 │ 最小      9.0 │ 最大     10.0 │ avg/次 0.049 ms
    >>> BC 最快  gm-java慢 10.0%

╔══ SM3 哈希 ══╗
    预热 gm-16B       500 次 ... 0 ms
    预热 BC-16B       500 次 ... 0 ms
    预热 HT-16B       500 次 ... 3 ms

  SM3 (16B)            │ 1000 次/轮
    gm-java   : 中位      0.0 ms │ 均值      0.2 │ 最小      0.0 │ 最大      1.0 │ avg/次 0.000 ms
    BC        : 中位      0.0 ms │ 均值      0.2 │ 最小      0.0 │ 最大      1.0 │ avg/次 0.000 ms
    Hutool    : 中位      0.0 ms │ 均值      0.4 │ 最小      0.0 │ 最大      1.0 │ avg/次 0.000 ms
    >>> gm-java 最快
    预热 gm-1KB       500 次 ... 1 ms
    预热 BC-1KB       500 次 ... 2 ms
    预热 HT-1KB       500 次 ... 2 ms

  SM3 (1KB)            │ 1000 次/轮
    gm-java   : 中位      3.0 ms │ 均值      3.0 │ 最小      3.0 │ 最大      3.0 │ avg/次 0.003 ms
    BC        : 中位      3.0 ms │ 均值      3.0 │ 最小      3.0 │ 最大      3.0 │ avg/次 0.003 ms
    Hutool    : 中位      4.0 ms │ 均值      4.0 │ 最小      4.0 │ 最大      4.0 │ avg/次 0.004 ms
    >>> gm-java 最快  Hutool慢 33.3%
    预热 gm-64KB       500 次 ... 95 ms
    预热 BC-64KB       500 次 ... 99 ms
    预热 HT-64KB       500 次 ... 99 ms

  SM3 (64KB)           │ 1000 次/轮
    gm-java   : 中位    189.0 ms │ 均值    188.6 │ 最小    185.0 │ 最大    190.0 │ avg/次 0.189 ms
    BC        : 中位    194.0 ms │ 均值    194.6 │ 最小    193.0 │ 最大    197.0 │ avg/次 0.195 ms
    Hutool    : 中位    199.0 ms │ 均值    198.6 │ 最小    196.0 │ 最大    201.0 │ avg/次 0.199 ms
    >>> gm-java 最快  BC慢 2.6%  Hutool慢 5.3%
    预热 gm-1MB       500 次 ... 1511 ms
    预热 BC-1MB       500 次 ... 1549 ms
    预热 HT-1MB       500 次 ... 1585 ms

  SM3 (1MB)            │ 1000 次/轮
    gm-java   : 中位   3048.0 ms │ 均值   3041.6 │ 最小   3015.0 │ 最大   3074.0 │ avg/次 3.042 ms
    BC        : 中位   3113.0 ms │ 均值   3107.0 │ 最小   3081.0 │ 最大   3133.0 │ avg/次 3.107 ms
    Hutool    : 中位   3200.0 ms │ 均值   3222.6 │ 最小   3194.0 │ 最大   3319.0 │ avg/次 3.223 ms
    >>> gm-java 最快  BC慢 2.1%  Hutool慢 5.0%

╔══ SM4 对称加解密 (1MB, warmup=50, rounds=20) ══╗
    预热 gm-ECB       50 次 ... 79 ms
    预热 BC-ECB       50 次 ... 382 ms
    预热 HT-ECB       50 次 ... 381 ms

  SM4-ECB 加密                     │ 20 × 1MB
    gm-java   : 中位     14.0 ms │ 均值     13.8 │ 最小     13.0 │ 最大     15.0 │ 1428.6 MB/s
    BC        : 中位    150.0 ms │ 均值    150.0 │ 最小    149.0 │ 最大    151.0 │ 133.3 MB/s
    Hutool    : 中位    151.0 ms │ 均值    150.8 │ 最小    150.0 │ 最大    152.0 │ 132.5 MB/s
    >>> gm-java 最快  BC慢 971.4%  Hutool慢 978.6%

  SM4-ECB 解密                     │ 20 × 1MB
    gm-java   : 中位     15.0 ms │ 均值     24.2 │ 最小     14.0 │ 最大     58.0 │ 1333.3 MB/s
    BC        : 中位    150.0 ms │ 均值    150.0 │ 最小    150.0 │ 最大    150.0 │ 133.3 MB/s
    Hutool    : 中位    154.0 ms │ 均值    154.0 │ 最小    153.0 │ 最大    155.0 │ 129.9 MB/s
    >>> gm-java 最快  BC慢 900.0%  Hutool慢 926.7%
    预热 gm-CBC       50 次 ... 272 ms
    预热 BC-CBC       50 次 ... 374 ms
    预热 HT-CBC       50 次 ... 429 ms

  SM4-CBC 加密                     │ 20 × 1MB
    gm-java   : 中位    108.0 ms │ 均值    107.2 │ 最小    105.0 │ 最大    109.0 │ 185.2 MB/s
    BC        : 中位    150.0 ms │ 均值    150.2 │ 最小    149.0 │ 最大    151.0 │ 133.3 MB/s
    Hutool    : 中位    169.0 ms │ 均值    169.0 │ 最小    168.0 │ 最大    170.0 │ 118.3 MB/s
    >>> gm-java 最快  BC慢 38.9%  Hutool慢 56.5%

  SM4-CBC 解密                     │ 20 × 1MB
    gm-java   : 中位     18.0 ms │ 均值     28.6 │ 最小     16.0 │ 最大     74.0 │ 1111.1 MB/s
    BC        : 中位    149.0 ms │ 均值    148.8 │ 最小    147.0 │ 最大    151.0 │ 134.2 MB/s
    Hutool    : 中位    169.0 ms │ 均值    168.8 │ 最小    168.0 │ 最大    169.0 │ 118.3 MB/s
    >>> gm-java 最快  BC慢 727.8%  Hutool慢 838.9%
    预热 gm-CTR       50 次 ... 71 ms
    预热 BC-CTR       50 次 ... 375 ms
    预热 HT-CTR       50 次 ... 420 ms

  SM4-CTR 加密 [gm多线程]             │ 20 × 1MB
    gm-java   : 中位     14.0 ms │ 均值     14.2 │ 最小     13.0 │ 最大     16.0 │ 1428.6 MB/s
    BC        : 中位    148.0 ms │ 均值    148.4 │ 最小    147.0 │ 最大    150.0 │ 135.1 MB/s
    Hutool    : 中位    167.0 ms │ 均值    167.2 │ 最小    165.0 │ 最大    170.0 │ 119.8 MB/s
    >>> gm-java 最快  BC慢 957.1%  Hutool慢 1092.9%

  SM4-CTR 解密 [gm多线程]             │ 20 × 1MB
    gm-java   : 中位     13.0 ms │ 均值     14.6 │ 最小     12.0 │ 最大     18.0 │ 1538.5 MB/s
    BC        : 中位    297.0 ms │ 均值    297.2 │ 最小    293.0 │ 最大    301.0 │ 67.3 MB/s
    Hutool    : 中位    330.0 ms │ 均值    329.4 │ 最小    327.0 │ 最大    332.0 │ 60.6 MB/s
    >>> gm-java 最快  BC慢 2184.6%  Hutool慢 2438.5%

╔══ SM4 对称加解密 (10MB, warmup=25, rounds=10) ══╗
    预热 gm-ECB       25 次 ... 191 ms
    预热 BC-ECB       25 次 ... 1849 ms
    预热 HT-ECB       25 次 ... 1869 ms

  SM4-ECB 加密                     │ 10 × 10MB
    gm-java   : 中位     73.0 ms │ 均值     73.0 │ 最小     70.0 │ 最大     75.0 │ 1369.9 MB/s
    BC        : 中位    743.0 ms │ 均值    741.2 │ 最小    734.0 │ 最大    747.0 │ 134.6 MB/s
    Hutool    : 中位    748.0 ms │ 均值    747.4 │ 最小    742.0 │ 最大    751.0 │ 133.7 MB/s
    >>> gm-java 最快  BC慢 917.8%  Hutool慢 924.7%

  SM4-ECB 解密                     │ 10 × 10MB
    gm-java   : 中位     71.0 ms │ 均值     70.2 │ 最小     66.0 │ 最大     73.0 │ 1408.5 MB/s
    BC        : 中位    739.0 ms │ 均值    737.0 │ 最小    731.0 │ 最大    741.0 │ 135.3 MB/s
    Hutool    : 中位    761.0 ms │ 均值    759.2 │ 最小    751.0 │ 最大    763.0 │ 131.4 MB/s
    >>> gm-java 最快  BC慢 940.8%  Hutool慢 971.8%
    预热 gm-CBC       25 次 ... 1316 ms
    预热 BC-CBC       25 次 ... 1829 ms
    预热 HT-CBC       25 次 ... 2094 ms

  SM4-CBC 加密                     │ 10 × 10MB
    gm-java   : 中位    532.0 ms │ 均值    531.4 │ 最小    529.0 │ 最大    534.0 │ 188.0 MB/s
    BC        : 中位    741.0 ms │ 均值    741.6 │ 最小    738.0 │ 最大    747.0 │ 135.0 MB/s
    Hutool    : 中位    845.0 ms │ 均值    845.0 │ 最小    839.0 │ 最大    850.0 │ 118.3 MB/s
    >>> gm-java 最快  BC慢 39.3%  Hutool慢 58.8%

  SM4-CBC 解密                     │ 10 × 10MB
    gm-java   : 中位     72.0 ms │ 均值     71.8 │ 最小     69.0 │ 最大     74.0 │ 1388.9 MB/s
    BC        : 中位    736.0 ms │ 均值    737.4 │ 最小    732.0 │ 最大    743.0 │ 135.9 MB/s
    Hutool    : 中位    841.0 ms │ 均值    841.4 │ 最小    830.0 │ 最大    852.0 │ 118.9 MB/s
    >>> gm-java 最快  BC慢 922.2%  Hutool慢 1068.1%
    预热 gm-CTR       25 次 ... 127 ms
    预热 BC-CTR       25 次 ... 1856 ms
    预热 HT-CTR       25 次 ... 2048 ms

  SM4-CTR 加密 [gm多线程]             │ 10 × 10MB
    gm-java   : 中位     53.0 ms │ 均值     53.0 │ 最小     47.0 │ 最大     57.0 │ 1886.8 MB/s
    BC        : 中位    738.0 ms │ 均值    737.8 │ 最小    736.0 │ 最大    740.0 │ 135.5 MB/s
    Hutool    : 中位    820.0 ms │ 均值    821.0 │ 最小    816.0 │ 最大    830.0 │ 122.0 MB/s
    >>> gm-java 最快  BC慢 1292.5%  Hutool慢 1447.2%

  SM4-CTR 解密 [gm多线程]             │ 10 × 10MB
    gm-java   : 中位     54.0 ms │ 均值     54.0 │ 最小     53.0 │ 最大     56.0 │ 1851.9 MB/s
    BC        : 中位   1464.0 ms │ 均值   1464.4 │ 最小   1458.0 │ 最大   1475.0 │ 68.3 MB/s
    Hutool    : 中位   1635.0 ms │ 均值   1635.6 │ 最小   1628.0 │ 最大   1644.0 │ 61.2 MB/s
    >>> gm-java 最快  BC慢 2611.1%  Hutool慢 2927.8%

╔══ SM4 对称加解密 (20MB, warmup=10, rounds=5) ══╗
    预热 gm-ECB       10 次 ... 148 ms
    预热 BC-ECB       10 次 ... 1466 ms
    预热 HT-ECB       10 次 ... 1493 ms

  SM4-ECB 加密                     │ 5 × 20MB
    gm-java   : 中位     72.0 ms │ 均值     71.8 │ 最小     66.0 │ 最大     76.0 │ 1388.9 MB/s
    BC        : 中位    738.0 ms │ 均值    737.0 │ 最小    731.0 │ 最大    741.0 │ 135.5 MB/s
    Hutool    : 中位    743.0 ms │ 均值    740.6 │ 最小    728.0 │ 最大    747.0 │ 134.6 MB/s
    >>> gm-java 最快  BC慢 925.0%  Hutool慢 931.9%

  SM4-ECB 解密                     │ 5 × 20MB
    gm-java   : 中位     69.0 ms │ 均值     70.2 │ 最小     67.0 │ 最大     77.0 │ 1449.3 MB/s
    BC        : 中位    736.0 ms │ 均值    736.8 │ 最小    733.0 │ 最大    744.0 │ 135.9 MB/s
    Hutool    : 中位    762.0 ms │ 均值    762.8 │ 最小    760.0 │ 最大    765.0 │ 131.2 MB/s
    >>> gm-java 最快  BC慢 966.7%  Hutool慢 1004.3%
    预热 gm-CBC       10 次 ... 1054 ms
    预热 BC-CBC       10 次 ... 1472 ms
    预热 HT-CBC       10 次 ... 1669 ms

  SM4-CBC 加密                     │ 5 × 20MB
    gm-java   : 中位    526.0 ms │ 均值    525.6 │ 最小    519.0 │ 最大    532.0 │ 190.1 MB/s
    BC        : 中位    734.0 ms │ 均值    732.4 │ 最小    726.0 │ 最大    737.0 │ 136.2 MB/s
    Hutool    : 中位    838.0 ms │ 均值    838.2 │ 最小    835.0 │ 最大    840.0 │ 119.3 MB/s
    >>> gm-java 最快  BC慢 39.5%  Hutool慢 59.3%

  SM4-CBC 解密                     │ 5 × 20MB
    gm-java   : 中位     69.0 ms │ 均值     69.6 │ 最小     68.0 │ 最大     73.0 │ 1449.3 MB/s
    BC        : 中位    735.0 ms │ 均值    732.8 │ 最小    725.0 │ 最大    740.0 │ 136.1 MB/s
    Hutool    : 中位    837.0 ms │ 均值    835.0 │ 最小    829.0 │ 最大    841.0 │ 119.5 MB/s
    >>> gm-java 最快  BC慢 965.2%  Hutool慢 1113.0%
    预热 gm-CTR       10 次 ... 96 ms
    预热 BC-CTR       10 次 ... 1464 ms
    预热 HT-CTR       10 次 ... 1634 ms

  SM4-CTR 加密 [gm多线程]             │ 5 × 20MB
    gm-java   : 中位     50.0 ms │ 均值     50.2 │ 最小     49.0 │ 最大     53.0 │ 2000.0 MB/s
    BC        : 中位    737.0 ms │ 均值    737.4 │ 最小    731.0 │ 最大    743.0 │ 135.7 MB/s
    Hutool    : 中位    815.0 ms │ 均值    818.0 │ 最小    812.0 │ 最大    825.0 │ 122.7 MB/s
    >>> gm-java 最快  BC慢 1374.0%  Hutool慢 1530.0%

  SM4-CTR 解密 [gm多线程]             │ 5 × 20MB
    gm-java   : 中位     50.0 ms │ 均值     50.4 │ 最小     48.0 │ 最大     53.0 │ 2000.0 MB/s
    BC        : 中位   1476.0 ms │ 均值   1475.4 │ 最小   1471.0 │ 最大   1480.0 │ 67.8 MB/s
    Hutool    : 中位   1638.0 ms │ 均值   1635.6 │ 最小   1624.0 │ 最大   1644.0 │ 61.1 MB/s
    >>> gm-java 最快  BC慢 2852.0%  Hutool慢 3176.0%

═══════════════════════════════════════════════════════════════
  全部测试完成
═══════════════════════════════════════════════════════════════

  报告已保存:
    reports\benchmark-comparison-20260713-093213-JDK25.log
    reports\summary-20260713-093213.md
