═══════════════════════════════════════════════════════════════
  测试类型：BenchmarkComparison
  测试时间：2026-07-10 22:22:50
  Git Commit：d340876
  版本：3.2.2-SNAPSHOT
  JDK：21.0.6 (Java HotSpot(TM) 64-Bit Server VM)
  OS：Windows 10 amd64
  CPUs：20
  Nat256：JNI
  参数：SM2(warmup=500, rounds=200, sets=5), SM3(warmup=500, rounds=1000, sets=5), SM4(warmup=50, rounds=20, sets=5, dataMBs=[1, 10, 20])
═══════════════════════════════════════════════════════════════

╔══ SM2 密钥对生成 ══╗
    预热 gm-java      500 次 ... 12 ms
    预热 BC           500 次 ... 53 ms
    预热 Hutool       500 次 ... 95 ms

  SM2 密钥生成             │ 200 次/轮
    gm-java   : 中位      3.0 ms │ 均值      3.0 │ 最小      3.0 │ 最大      3.0 │ avg/次 0.015 ms
    BC        : 中位      9.0 ms │ 均值     10.6 │ 最小      9.0 │ 最大     14.0 │ avg/次 0.053 ms
    Hutool    : 中位     14.0 ms │ 均值     13.8 │ 最小     12.0 │ 最大     16.0 │ avg/次 0.069 ms
    >>> gm-java 最快  BC慢 200.0%  Hutool慢 366.7%

╔══ SM2 加解密 ══╗
    预热 gm-enc       500 次 ... 44 ms
    预热 gm-dec       500 次 ... 34 ms
    预热 BC-enc       500 次 ... 103 ms
    预热 BC-dec       500 次 ... 56 ms
    预热 HT-enc       500 次 ... 79 ms
    预热 HT-dec       500 次 ... 54 ms

  SM2 加密               │ 200 次/轮
    gm-java   : 中位     16.0 ms │ 均值     16.0 │ 最小     16.0 │ 最大     16.0 │ avg/次 0.080 ms
    BC        : 中位     31.0 ms │ 均值     31.2 │ 最小     29.0 │ 最大     34.0 │ avg/次 0.156 ms
    Hutool    : 中位     28.0 ms │ 均值     35.8 │ 最小     28.0 │ 最大     51.0 │ avg/次 0.179 ms
    >>> gm-java 最快  BC慢 93.8%  Hutool慢 75.0%

  SM2 解密               │ 200 次/轮
    gm-java   : 中位     12.0 ms │ 均值     12.0 │ 最小     12.0 │ 最大     12.0 │ avg/次 0.060 ms
    BC        : 中位     21.0 ms │ 均值     21.2 │ 最小     19.0 │ 最大     23.0 │ avg/次 0.106 ms
    Hutool    : 中位     20.0 ms │ 均值     20.8 │ 最小     20.0 │ 最大     22.0 │ avg/次 0.104 ms
    >>> gm-java 最快  BC慢 75.0%  Hutool慢 66.7%

╔══ SM2 签名/验签 ══╗
    预热 gm-sign      500 次 ... 9 ms
    预热 gm-vrfy      500 次 ... 28 ms
    预热 BC-sign      500 次 ... 50 ms
    预热 BC-vrfy      500 次 ... 34 ms
    预热 HT-sign      500 次 ... 46 ms
    预热 HT-vrfy      500 次 ... 31 ms

  SM2 签名               │ 200 次/轮
    gm-java   : 中位      3.0 ms │ 均值      3.2 │ 最小      3.0 │ 最大      4.0 │ avg/次 0.016 ms
    BC        : 中位     19.0 ms │ 均值     20.0 │ 最小     18.0 │ 最大     25.0 │ avg/次 0.100 ms
    Hutool    : 中位     18.0 ms │ 均值     20.2 │ 最小     17.0 │ 最大     29.0 │ avg/次 0.101 ms
    >>> gm-java 最快  BC慢 533.3%  Hutool慢 500.0%

  SM2 验签               │ 200 次/轮
    gm-java   : 中位     11.0 ms │ 均值     11.0 │ 最小     11.0 │ 最大     11.0 │ avg/次 0.055 ms
    BC        : 中位     11.0 ms │ 均值     12.2 │ 最小     10.0 │ 最大     18.0 │ avg/次 0.061 ms
    Hutool    : 中位     11.0 ms │ 均值     10.8 │ 最小     10.0 │ 最大     12.0 │ avg/次 0.054 ms
    >>> gm-java 最快

╔══ SM3 哈希 ══╗
    预热 gm-16B       500 次 ... 0 ms
    预热 BC-16B       500 次 ... 1 ms
    预热 HT-16B       500 次 ... 3 ms

  SM3 (16B)            │ 1000 次/轮
    gm-java   : 中位      0.0 ms │ 均值      0.2 │ 最小      0.0 │ 最大      1.0 │ avg/次 0.000 ms
    BC        : 中位      0.0 ms │ 均值      0.0 │ 最小      0.0 │ 最大      0.0 │ avg/次 0.000 ms
    Hutool    : 中位      1.0 ms │ 均值      0.8 │ 最小      0.0 │ 最大      1.0 │ avg/次 0.001 ms
    >>> gm-java 最快  Hutool慢 Infinity%
    预热 gm-1KB       500 次 ... 2 ms
    预热 BC-1KB       500 次 ... 2 ms
    预热 HT-1KB       500 次 ... 2 ms

  SM3 (1KB)            │ 1000 次/轮
    gm-java   : 中位      3.0 ms │ 均值      3.0 │ 最小      3.0 │ 最大      3.0 │ avg/次 0.003 ms
    BC        : 中位      3.0 ms │ 均值      3.0 │ 最小      3.0 │ 最大      3.0 │ avg/次 0.003 ms
    Hutool    : 中位      4.0 ms │ 均值      4.0 │ 最小      4.0 │ 最大      4.0 │ avg/次 0.004 ms
    >>> gm-java 最快  Hutool慢 33.3%
    预热 gm-64KB       500 次 ... 94 ms
    预热 BC-64KB       500 次 ... 97 ms
    预热 HT-64KB       500 次 ... 101 ms

  SM3 (64KB)           │ 1000 次/轮
    gm-java   : 中位    187.0 ms │ 均值    186.8 │ 最小    186.0 │ 最大    188.0 │ avg/次 0.187 ms
    BC        : 中位    196.0 ms │ 均值    195.6 │ 最小    195.0 │ 最大    196.0 │ avg/次 0.196 ms
    Hutool    : 中位    200.0 ms │ 均值    200.6 │ 最小    200.0 │ 最大    202.0 │ avg/次 0.201 ms
    >>> gm-java 最快  BC慢 4.8%  Hutool慢 7.0%
    预热 gm-1MB       500 次 ... 1490 ms
    预热 BC-1MB       500 次 ... 1553 ms
    预热 HT-1MB       500 次 ... 1605 ms

  SM3 (1MB)            │ 1000 次/轮
    gm-java   : 中位   3005.0 ms │ 均值   2999.8 │ 最小   2983.0 │ 最大   3010.0 │ avg/次 3.000 ms
    BC        : 中位   3123.0 ms │ 均值   3128.0 │ 最小   3113.0 │ 最大   3162.0 │ avg/次 3.128 ms
    Hutool    : 中位   3206.0 ms │ 均值   3222.2 │ 最小   3199.0 │ 最大   3290.0 │ avg/次 3.222 ms
    >>> gm-java 最快  BC慢 3.9%  Hutool慢 6.7%

╔══ SM4 对称加解密 (1MB, warmup=50, rounds=20) ══╗
    预热 gm-ECB       50 次 ... 68 ms
    预热 BC-ECB       50 次 ... 402 ms
    预热 HT-ECB       50 次 ... 404 ms

  SM4-ECB 加密                     │ 20 × 1MB
    gm-java   : 中位     16.0 ms │ 均值     15.6 │ 最小     14.0 │ 最大     16.0 │ 1250.0 MB/s
    BC        : 中位    160.0 ms │ 均值    159.4 │ 最小    157.0 │ 最大    162.0 │ 125.0 MB/s
    Hutool    : 中位    159.0 ms │ 均值    160.0 │ 最小    158.0 │ 最大    164.0 │ 125.8 MB/s
    >>> gm-java 最快  BC慢 900.0%  Hutool慢 893.8%

  SM4-ECB 解密                     │ 20 × 1MB
    gm-java   : 中位     16.0 ms │ 均值     25.0 │ 最小     15.0 │ 最大     61.0 │ 1250.0 MB/s
    BC        : 中位    160.0 ms │ 均值    161.6 │ 最小    158.0 │ 最大    170.0 │ 125.0 MB/s
    Hutool    : 中位    163.0 ms │ 均值    165.0 │ 最小    162.0 │ 最大    173.0 │ 122.7 MB/s
    >>> gm-java 最快  BC慢 900.0%  Hutool慢 918.8%
    预热 gm-CBC       50 次 ... 318 ms
    预热 BC-CBC       50 次 ... 393 ms
    预热 HT-CBC       50 次 ... 457 ms

  SM4-CBC 加密                     │ 20 × 1MB
    gm-java   : 中位    125.0 ms │ 均值    125.8 │ 最小    125.0 │ 最大    128.0 │ 160.0 MB/s
    BC        : 中位    161.0 ms │ 均值    161.0 │ 最小    157.0 │ 最大    164.0 │ 124.2 MB/s
    Hutool    : 中位    181.0 ms │ 均值    180.8 │ 最小    179.0 │ 最大    182.0 │ 110.5 MB/s
    >>> gm-java 最快  BC慢 28.8%  Hutool慢 44.8%

  SM4-CBC 解密                     │ 20 × 1MB
    gm-java   : 中位     16.0 ms │ 均值     29.6 │ 最小     15.0 │ 最大     84.0 │ 1250.0 MB/s
    BC        : 中位    157.0 ms │ 均值    158.0 │ 最小    156.0 │ 最大    162.0 │ 127.4 MB/s
    Hutool    : 中位    179.0 ms │ 均值    178.8 │ 最小    177.0 │ 最大    182.0 │ 111.7 MB/s
    >>> gm-java 最快  BC慢 881.3%  Hutool慢 1018.8%
    预热 gm-CTR       50 次 ... 69 ms
    预热 BC-CTR       50 次 ... 398 ms
    预热 HT-CTR       50 次 ... 443 ms

  SM4-CTR 加密 [gm多线程]             │ 20 × 1MB
    gm-java   : 中位     14.0 ms │ 均值     14.2 │ 最小     14.0 │ 最大     15.0 │ 1428.6 MB/s
    BC        : 中位    158.0 ms │ 均值    159.4 │ 最小    156.0 │ 最大    163.0 │ 126.6 MB/s
    Hutool    : 中位    174.0 ms │ 均值    174.4 │ 最小    173.0 │ 最大    178.0 │ 114.9 MB/s
    >>> gm-java 最快  BC慢 1028.6%  Hutool慢 1142.9%

  SM4-CTR 解密 [gm多线程]             │ 20 × 1MB
    gm-java   : 中位     14.0 ms │ 均值     14.6 │ 最小     14.0 │ 最大     16.0 │ 1428.6 MB/s
    BC        : 中位    325.0 ms │ 均值    325.2 │ 最小    320.0 │ 最大    331.0 │ 61.5 MB/s
    Hutool    : 中位    348.0 ms │ 均值    347.8 │ 最小    347.0 │ 最大    349.0 │ 57.5 MB/s
    >>> gm-java 最快  BC慢 2221.4%  Hutool慢 2385.7%

╔══ SM4 对称加解密 (10MB, warmup=25, rounds=10) ══╗
    预热 gm-ECB       25 次 ... 221 ms
    预热 BC-ECB       25 次 ... 1984 ms
    预热 HT-ECB       25 次 ... 2010 ms

  SM4-ECB 加密                     │ 10 × 10MB
    gm-java   : 中位     76.0 ms │ 均值     76.8 │ 最小     74.0 │ 最大     80.0 │ 1315.8 MB/s
    BC        : 中位    796.0 ms │ 均值    797.0 │ 最小    792.0 │ 最大    805.0 │ 125.6 MB/s
    Hutool    : 中位    799.0 ms │ 均值    799.0 │ 最小    794.0 │ 最大    807.0 │ 125.2 MB/s
    >>> gm-java 最快  BC慢 947.4%  Hutool慢 951.3%

  SM4-ECB 解密                     │ 10 × 10MB
    gm-java   : 中位     73.0 ms │ 均值     73.4 │ 最小     71.0 │ 最大     77.0 │ 1369.9 MB/s
    BC        : 中位    795.0 ms │ 均值    795.2 │ 最小    794.0 │ 最大    796.0 │ 125.8 MB/s
    Hutool    : 中位    813.0 ms │ 均值    814.4 │ 最小    810.0 │ 最大    821.0 │ 123.0 MB/s
    >>> gm-java 最快  BC慢 989.0%  Hutool慢 1013.7%
    预热 gm-CBC       25 次 ... 1604 ms
    预热 BC-CBC       25 次 ... 1985 ms
    预热 HT-CBC       25 次 ... 2249 ms

  SM4-CBC 加密                     │ 10 × 10MB
    gm-java   : 中位    644.0 ms │ 均值    643.8 │ 最小    642.0 │ 最大    647.0 │ 155.3 MB/s
    BC        : 中位    793.0 ms │ 均值    793.4 │ 最小    790.0 │ 最大    797.0 │ 126.1 MB/s
    Hutool    : 中位    891.0 ms │ 均值    891.6 │ 最小    887.0 │ 最大    897.0 │ 112.2 MB/s
    >>> gm-java 最快  BC慢 23.1%  Hutool慢 38.4%

  SM4-CBC 解密                     │ 10 × 10MB
    gm-java   : 中位     71.0 ms │ 均值     71.6 │ 最小     70.0 │ 最大     73.0 │ 1408.5 MB/s
    BC        : 中位    791.0 ms │ 均值    791.4 │ 最小    790.0 │ 最大    794.0 │ 126.4 MB/s
    Hutool    : 中位    885.0 ms │ 均值    888.4 │ 最小    885.0 │ 最大    895.0 │ 113.0 MB/s
    >>> gm-java 最快  BC慢 1014.1%  Hutool慢 1146.5%
    预热 gm-CTR       25 次 ... 139 ms
    预热 BC-CTR       25 次 ... 1978 ms
    预热 HT-CTR       25 次 ... 2162 ms

  SM4-CTR 加密 [gm多线程]             │ 10 × 10MB
    gm-java   : 中位     57.0 ms │ 均值     57.2 │ 最小     56.0 │ 最大     58.0 │ 1754.4 MB/s
    BC        : 中位    796.0 ms │ 均值    795.8 │ 最小    790.0 │ 最大    801.0 │ 125.6 MB/s
    Hutool    : 中位    871.0 ms │ 均值    870.2 │ 最小    867.0 │ 最大    874.0 │ 114.8 MB/s
    >>> gm-java 最快  BC慢 1296.5%  Hutool慢 1428.1%

  SM4-CTR 解密 [gm多线程]             │ 10 × 10MB
    gm-java   : 中位     57.0 ms │ 均值     57.0 │ 最小     56.0 │ 最大     59.0 │ 1754.4 MB/s
    BC        : 中位   1595.0 ms │ 均值   1594.2 │ 最小   1588.0 │ 最大   1602.0 │ 62.7 MB/s
    Hutool    : 中位   1743.0 ms │ 均值   1743.6 │ 最小   1736.0 │ 最大   1755.0 │ 57.4 MB/s
    >>> gm-java 最快  BC慢 2698.2%  Hutool慢 2957.9%

╔══ SM4 对称加解密 (20MB, warmup=10, rounds=5) ══╗
    预热 gm-ECB       10 次 ... 150 ms
    预热 BC-ECB       10 次 ... 1594 ms
    预热 HT-ECB       10 次 ... 1605 ms

  SM4-ECB 加密                     │ 5 × 20MB
    gm-java   : 中位     77.0 ms │ 均值     77.0 │ 最小     75.0 │ 最大     79.0 │ 1298.7 MB/s
    BC        : 中位    794.0 ms │ 均值    794.4 │ 最小    790.0 │ 最大    802.0 │ 125.9 MB/s
    Hutool    : 中位    802.0 ms │ 均值    803.4 │ 最小    798.0 │ 最大    809.0 │ 124.7 MB/s
    >>> gm-java 最快  BC慢 931.2%  Hutool慢 941.6%

  SM4-ECB 解密                     │ 5 × 20MB
    gm-java   : 中位     73.0 ms │ 均值     73.2 │ 最小     72.0 │ 最大     74.0 │ 1369.9 MB/s
    BC        : 中位    794.0 ms │ 均值    794.4 │ 最小    790.0 │ 最大    798.0 │ 125.9 MB/s
    Hutool    : 中位    821.0 ms │ 均值    821.6 │ 最小    814.0 │ 最大    827.0 │ 121.8 MB/s
    >>> gm-java 最快  BC慢 987.7%  Hutool慢 1024.7%
    预热 gm-CBC       10 次 ... 1285 ms
    预热 BC-CBC       10 次 ... 1589 ms
    预热 HT-CBC       10 次 ... 1789 ms

  SM4-CBC 加密                     │ 5 × 20MB
    gm-java   : 中位    639.0 ms │ 均值    641.6 │ 最小    638.0 │ 最大    647.0 │ 156.5 MB/s
    BC        : 中位    795.0 ms │ 均值    794.4 │ 最小    792.0 │ 最大    796.0 │ 125.8 MB/s
    Hutool    : 中位    890.0 ms │ 均值    890.8 │ 最小    887.0 │ 最大    895.0 │ 112.4 MB/s
    >>> gm-java 最快  BC慢 24.4%  Hutool慢 39.3%

  SM4-CBC 解密                     │ 5 × 20MB
    gm-java   : 中位     75.0 ms │ 均值     74.8 │ 最小     73.0 │ 最大     77.0 │ 1333.3 MB/s
    BC        : 中位    798.0 ms │ 均值    795.8 │ 最小    791.0 │ 最大    798.0 │ 125.3 MB/s
    Hutool    : 中位    892.0 ms │ 均值    891.8 │ 最小    888.0 │ 最大    895.0 │ 112.1 MB/s
    >>> gm-java 最快  BC慢 964.0%  Hutool慢 1089.3%
    预热 gm-CTR       10 次 ... 109 ms
    预热 BC-CTR       10 次 ... 1584 ms
    预热 HT-CTR       10 次 ... 1734 ms

  SM4-CTR 加密 [gm多线程]             │ 5 × 20MB
    gm-java   : 中位     55.0 ms │ 均值     54.8 │ 最小     51.0 │ 最大     59.0 │ 1818.2 MB/s
    BC        : 中位    789.0 ms │ 均值    787.4 │ 最小    770.0 │ 最大    798.0 │ 126.7 MB/s
    Hutool    : 中位    862.0 ms │ 均值    859.8 │ 最小    834.0 │ 最大    874.0 │ 116.0 MB/s
    >>> gm-java 最快  BC慢 1334.5%  Hutool慢 1467.3%

  SM4-CTR 解密 [gm多线程]             │ 5 × 20MB
    gm-java   : 中位     57.0 ms │ 均值     56.4 │ 最小     54.0 │ 最大     58.0 │ 1754.4 MB/s
    BC        : 中位   1582.0 ms │ 均值   1567.4 │ 最小   1526.0 │ 最大   1590.0 │ 63.2 MB/s
    Hutool    : 中位   1734.0 ms │ 均值   1714.8 │ 最小   1669.0 │ 最大   1748.0 │ 57.7 MB/s
    >>> gm-java 最快  BC慢 2675.4%  Hutool慢 2942.1%

═══════════════════════════════════════════════════════════════
  全部测试完成
═══════════════════════════════════════════════════════════════

  报告已保存:
    reports\benchmark-comparison-20260710-222250-JDK21.log
    reports\summary-20260710-222250.md
