═══════════════════════════════════════════════════════════════
  测试类型：BenchmarkComparison
  测试时间：2026-07-11 17:26:57
  Git Commit：e36d15d
  版本：3.2.2
  JDK：25.0.3 (Java HotSpot(TM) 64-Bit Server VM)
  OS：Windows 10 amd64
  CPUs：20
  Nat256：JNI
  参数：SM2(warmup=500, rounds=200, sets=5), SM3(warmup=500, rounds=1000, sets=5), SM4(warmup=50, rounds=20, sets=5, dataMBs=[1, 10, 20])
═══════════════════════════════════════════════════════════════

╔══ SM2 密钥对生成 ══╗
    预热 gm-java      500 次 ... 11 ms
    预热 BC           500 次 ... 42 ms
    预热 Hutool       500 次 ... 81 ms

  SM2 密钥生成             │ 200 次/轮
    gm-java   : 中位      3.0 ms │ 均值      3.4 │ 最小      3.0 │ 最大      4.0 │ avg/次 0.017 ms
    BC        : 中位      8.0 ms │ 均值      8.4 │ 最小      8.0 │ 最大     10.0 │ avg/次 0.042 ms
    Hutool    : 中位     14.0 ms │ 均值     14.0 │ 最小     13.0 │ 最大     15.0 │ avg/次 0.070 ms
    >>> gm-java 最快  BC慢 166.7%  Hutool慢 366.7%

╔══ SM2 加解密 ══╗
    预热 gm-enc       500 次 ... 43 ms
    预热 gm-dec       500 次 ... 31 ms
    预热 BC-enc       500 次 ... 87 ms
    预热 BC-dec       500 次 ... 53 ms
    预热 HT-enc       500 次 ... 86 ms
    预热 HT-dec       500 次 ... 48 ms

  SM2 加密               │ 200 次/轮
    gm-java   : 中位     16.0 ms │ 均值     15.8 │ 最小     15.0 │ 最大     17.0 │ avg/次 0.079 ms
    BC        : 中位     30.0 ms │ 均值     29.8 │ 最小     28.0 │ 最大     32.0 │ avg/次 0.149 ms
    Hutool    : 中位     29.0 ms │ 均值     30.0 │ 最小     27.0 │ 最大     36.0 │ avg/次 0.150 ms
    >>> gm-java 最快  BC慢 87.5%  Hutool慢 81.3%

  SM2 解密               │ 200 次/轮
    gm-java   : 中位     12.0 ms │ 均值     12.4 │ 最小     12.0 │ 最大     14.0 │ avg/次 0.062 ms
    BC        : 中位     20.0 ms │ 均值     23.6 │ 最小     19.0 │ 最大     39.0 │ avg/次 0.118 ms
    Hutool    : 中位     21.0 ms │ 均值     21.4 │ 最小     19.0 │ 最大     27.0 │ avg/次 0.107 ms
    >>> gm-java 最快  BC慢 66.7%  Hutool慢 75.0%

╔══ SM2 签名/验签 ══╗
    预热 gm-sign      500 次 ... 9 ms
    预热 gm-vrfy      500 次 ... 28 ms
    预热 BC-sign      500 次 ... 46 ms
    预热 BC-vrfy      500 次 ... 36 ms
    预热 HT-sign      500 次 ... 44 ms
    预热 HT-vrfy      500 次 ... 28 ms

  SM2 签名               │ 200 次/轮
    gm-java   : 中位      4.0 ms │ 均值      3.6 │ 最小      3.0 │ 最大      4.0 │ avg/次 0.018 ms
    BC        : 中位     18.0 ms │ 均值     18.0 │ 最小     17.0 │ 最大     19.0 │ avg/次 0.090 ms
    Hutool    : 中位     19.0 ms │ 均值     20.2 │ 最小     16.0 │ 最大     26.0 │ avg/次 0.101 ms
    >>> gm-java 最快  BC慢 350.0%  Hutool慢 375.0%

  SM2 验签               │ 200 次/轮
    gm-java   : 中位     11.0 ms │ 均值     11.8 │ 最小     11.0 │ 最大     14.0 │ avg/次 0.059 ms
    BC        : 中位     11.0 ms │ 均值     12.0 │ 最小     10.0 │ 最大     18.0 │ avg/次 0.060 ms
    Hutool    : 中位     10.0 ms │ 均值     10.4 │ 最小     10.0 │ 最大     11.0 │ avg/次 0.052 ms
    >>> Hutool 最快  gm-java慢 10.0%  BC慢 10.0%

╔══ SM3 哈希 ══╗
    预热 gm-16B       500 次 ... 1 ms
    预热 BC-16B       500 次 ... 0 ms
    预热 HT-16B       500 次 ... 3 ms

  SM3 (16B)            │ 1000 次/轮
    gm-java   : 中位      0.0 ms │ 均值      0.4 │ 最小      0.0 │ 最大      1.0 │ avg/次 0.000 ms
    BC        : 中位      0.0 ms │ 均值      0.4 │ 最小      0.0 │ 最大      1.0 │ avg/次 0.000 ms
    Hutool    : 中位      0.0 ms │ 均值      0.2 │ 最小      0.0 │ 最大      1.0 │ avg/次 0.000 ms
    >>> gm-java 最快
    预热 gm-1KB       500 次 ... 2 ms
    预热 BC-1KB       500 次 ... 2 ms
    预热 HT-1KB       500 次 ... 2 ms

  SM3 (1KB)            │ 1000 次/轮
    gm-java   : 中位      3.0 ms │ 均值      3.2 │ 最小      3.0 │ 最大      4.0 │ avg/次 0.003 ms
    BC        : 中位      4.0 ms │ 均值      3.6 │ 最小      3.0 │ 最大      4.0 │ avg/次 0.004 ms
    Hutool    : 中位      4.0 ms │ 均值      3.6 │ 最小      3.0 │ 最大      4.0 │ avg/次 0.004 ms
    >>> gm-java 最快  BC慢 33.3%  Hutool慢 33.3%
    预热 gm-64KB       500 次 ... 100 ms
    预热 BC-64KB       500 次 ... 102 ms
    预热 HT-64KB       500 次 ... 107 ms

  SM3 (64KB)           │ 1000 次/轮
    gm-java   : 中位    196.0 ms │ 均值    197.4 │ 最小    194.0 │ 最大    206.0 │ avg/次 0.197 ms
    BC        : 中位    201.0 ms │ 均值    211.2 │ 最小    199.0 │ 最大    245.0 │ avg/次 0.211 ms
    Hutool    : 中位    216.0 ms │ 均值    220.4 │ 最小    215.0 │ 最大    231.0 │ avg/次 0.220 ms
    >>> gm-java 最快  BC慢 2.6%  Hutool慢 10.2%
    预热 gm-1MB       500 次 ... 1551 ms
    预热 BC-1MB       500 次 ... 1570 ms
    预热 HT-1MB       500 次 ... 1654 ms

  SM3 (1MB)            │ 1000 次/轮
    gm-java   : 中位   3002.0 ms │ 均值   3003.0 │ 最小   2984.0 │ 最大   3023.0 │ avg/次 3.003 ms
    BC        : 中位   3090.0 ms │ 均值   3105.8 │ 最小   3049.0 │ 最大   3165.0 │ avg/次 3.106 ms
    Hutool    : 中位   3290.0 ms │ 均值   3306.4 │ 最小   3267.0 │ 最大   3406.0 │ avg/次 3.306 ms
    >>> gm-java 最快  BC慢 2.9%  Hutool慢 9.6%

╔══ SM4 对称加解密 (1MB, warmup=50, rounds=20) ══╗
    预热 gm-ECB       50 次 ... 77 ms
    预热 BC-ECB       50 次 ... 371 ms
    预热 HT-ECB       50 次 ... 378 ms

  SM4-ECB 加密                     │ 20 × 1MB
    gm-java   : 中位     16.0 ms │ 均值     15.4 │ 最小     13.0 │ 最大     18.0 │ 1250.0 MB/s
    BC        : 中位    150.0 ms │ 均值    149.2 │ 最小    148.0 │ 最大    150.0 │ 133.3 MB/s
    Hutool    : 中位    150.0 ms │ 均值    150.4 │ 最小    149.0 │ 最大    152.0 │ 133.3 MB/s
    >>> gm-java 最快  BC慢 837.5%  Hutool慢 837.5%

  SM4-ECB 解密                     │ 20 × 1MB
    gm-java   : 中位     16.0 ms │ 均值     25.4 │ 最小     14.0 │ 最大     64.0 │ 1250.0 MB/s
    BC        : 中位    150.0 ms │ 均值    149.4 │ 最小    148.0 │ 最大    151.0 │ 133.3 MB/s
    Hutool    : 中位    152.0 ms │ 均值    152.6 │ 最小    149.0 │ 最大    157.0 │ 131.6 MB/s
    >>> gm-java 最快  BC慢 837.5%  Hutool慢 850.0%
    预热 gm-CBC       50 次 ... 275 ms
    预热 BC-CBC       50 次 ... 373 ms
    预热 HT-CBC       50 次 ... 421 ms

  SM4-CBC 加密                     │ 20 × 1MB
    gm-java   : 中位    109.0 ms │ 均值    110.2 │ 最小    106.0 │ 最大    119.0 │ 183.5 MB/s
    BC        : 中位    148.0 ms │ 均值    148.2 │ 最小    145.0 │ 最大    151.0 │ 135.1 MB/s
    Hutool    : 中位    170.0 ms │ 均值    169.2 │ 最小    165.0 │ 最大    171.0 │ 117.6 MB/s
    >>> gm-java 最快  BC慢 35.8%  Hutool慢 56.0%

  SM4-CBC 解密                     │ 20 × 1MB
    gm-java   : 中位     16.0 ms │ 均值     27.2 │ 最小     15.0 │ 最大     73.0 │ 1250.0 MB/s
    BC        : 中位    152.0 ms │ 均值    151.2 │ 最小    150.0 │ 最大    152.0 │ 131.6 MB/s
    Hutool    : 中位    172.0 ms │ 均值    172.2 │ 最小    171.0 │ 最大    173.0 │ 116.3 MB/s
    >>> gm-java 最快  BC慢 850.0%  Hutool慢 975.0%
    预热 gm-CTR       50 次 ... 81 ms
    预热 BC-CTR       50 次 ... 382 ms
    预热 HT-CTR       50 次 ... 433 ms

  SM4-CTR 加密 [gm多线程]             │ 20 × 1MB
    gm-java   : 中位     13.0 ms │ 均值     13.4 │ 最小     11.0 │ 最大     17.0 │ 1538.5 MB/s
    BC        : 中位    149.0 ms │ 均值    148.8 │ 最小    146.0 │ 最大    151.0 │ 134.2 MB/s
    Hutool    : 中位    166.0 ms │ 均值    167.0 │ 最小    162.0 │ 最大    175.0 │ 120.5 MB/s
    >>> gm-java 最快  BC慢 1046.2%  Hutool慢 1176.9%

  SM4-CTR 解密 [gm多线程]             │ 20 × 1MB
    gm-java   : 中位     14.0 ms │ 均值     13.4 │ 最小     12.0 │ 最大     14.0 │ 1428.6 MB/s
    BC        : 中位    296.0 ms │ 均值    298.2 │ 最小    294.0 │ 最大    307.0 │ 67.6 MB/s
    Hutool    : 中位    334.0 ms │ 均值    333.4 │ 最小    328.0 │ 最大    340.0 │ 59.9 MB/s
    >>> gm-java 最快  BC慢 2014.3%  Hutool慢 2285.7%

╔══ SM4 对称加解密 (10MB, warmup=25, rounds=10) ══╗
    预热 gm-ECB       25 次 ... 186 ms
    预热 BC-ECB       25 次 ... 1886 ms
    预热 HT-ECB       25 次 ... 1911 ms

  SM4-ECB 加密                     │ 10 × 10MB
    gm-java   : 中位     73.0 ms │ 均值     72.2 │ 最小     70.0 │ 最大     74.0 │ 1369.9 MB/s
    BC        : 中位    737.0 ms │ 均值    738.4 │ 最小    731.0 │ 最大    751.0 │ 135.7 MB/s
    Hutool    : 中位    741.0 ms │ 均值    742.6 │ 最小    735.0 │ 最大    756.0 │ 135.0 MB/s
    >>> gm-java 最快  BC慢 909.6%  Hutool慢 915.1%

  SM4-ECB 解密                     │ 10 × 10MB
    gm-java   : 中位     70.0 ms │ 均值     71.0 │ 最小     67.0 │ 最大     75.0 │ 1428.6 MB/s
    BC        : 中位    732.0 ms │ 均值    733.6 │ 最小    724.0 │ 最大    746.0 │ 136.6 MB/s
    Hutool    : 中位    758.0 ms │ 均值    761.0 │ 最小    750.0 │ 最大    780.0 │ 131.9 MB/s
    >>> gm-java 最快  BC慢 945.7%  Hutool慢 982.9%
    预热 gm-CBC       25 次 ... 1355 ms
    预热 BC-CBC       25 次 ... 1869 ms
    预热 HT-CBC       25 次 ... 2079 ms

  SM4-CBC 加密                     │ 10 × 10MB
    gm-java   : 中位    547.0 ms │ 均值    545.4 │ 最小    531.0 │ 最大    563.0 │ 182.8 MB/s
    BC        : 中位    741.0 ms │ 均值    738.8 │ 最小    721.0 │ 最大    751.0 │ 135.0 MB/s
    Hutool    : 中位    832.0 ms │ 均值    837.2 │ 最小    825.0 │ 最大    852.0 │ 120.2 MB/s
    >>> gm-java 最快  BC慢 35.5%  Hutool慢 52.1%

  SM4-CBC 解密                     │ 10 × 10MB
    gm-java   : 中位     73.0 ms │ 均值     73.4 │ 最小     69.0 │ 最大     80.0 │ 1369.9 MB/s
    BC        : 中位    754.0 ms │ 均值    756.4 │ 最小    735.0 │ 最大    788.0 │ 132.6 MB/s
    Hutool    : 中位    851.0 ms │ 均值    854.4 │ 最小    845.0 │ 最大    870.0 │ 117.5 MB/s
    >>> gm-java 最快  BC慢 932.9%  Hutool慢 1065.8%
    预热 gm-CTR       25 次 ... 131 ms
    预热 BC-CTR       25 次 ... 1834 ms
    预热 HT-CTR       25 次 ... 2064 ms

  SM4-CTR 加密 [gm多线程]             │ 10 × 10MB
    gm-java   : 中位     53.0 ms │ 均值     53.2 │ 最小     50.0 │ 最大     57.0 │ 1886.8 MB/s
    BC        : 中位    736.0 ms │ 均值    736.6 │ 最小    723.0 │ 最大    748.0 │ 135.9 MB/s
    Hutool    : 中位    829.0 ms │ 均值    829.8 │ 最小    817.0 │ 最大    838.0 │ 120.6 MB/s
    >>> gm-java 最快  BC慢 1288.7%  Hutool慢 1464.2%

  SM4-CTR 解密 [gm多线程]             │ 10 × 10MB
    gm-java   : 中位     53.0 ms │ 均值     53.6 │ 最小     50.0 │ 最大     57.0 │ 1886.8 MB/s
    BC        : 中位   1485.0 ms │ 均值   1479.4 │ 最小   1460.0 │ 最大   1500.0 │ 67.3 MB/s
    Hutool    : 中位   1643.0 ms │ 均值   1653.6 │ 最小   1632.0 │ 最大   1706.0 │ 60.9 MB/s
    >>> gm-java 最快  BC慢 2701.9%  Hutool慢 3000.0%

╔══ SM4 对称加解密 (20MB, warmup=10, rounds=5) ══╗
    预热 gm-ECB       10 次 ... 151 ms
    预热 BC-ECB       10 次 ... 1510 ms
    预热 HT-ECB       10 次 ... 1544 ms
