═══════════════════════════════════════════════════════════════
  测试类型：BenchmarkComparison
  测试时间：2026-07-14 13:32:48
  Git Commit：0fcb50d
  版本：3.2.3
  JDK：25.0.3 (Java HotSpot(TM) 64-Bit Server VM)
  OS：Windows 10 amd64
  CPUs：20
  Nat256：JNI
  BC SM2：lightweight engine/signer 预初始化后复用（签名使用 raw64 编码）
  SM4：gm并行配置=开启
  参数：SM2(warmup=500, rounds=200, sets=5), SM3(warmup=500, rounds=1000, sets=5), SM4(warmup=50, rounds=20, sets=5, dataMBs=[1, 10, 20])
═══════════════════════════════════════════════════════════════

╔══ SM2 密钥对生成 ══╗
    预热 gm-java      500 次 ... 11.300 ms
    预热 BC           500 次 ... 51.992 ms
    预热 Hutool       500 次 ... 75.444 ms

  SM2 密钥生成             │ 200 次/轮
    gm-java   : 中位      3.1 ms │ 均值      3.1 │ 最小      3.0 │ 最大      3.4 │ avg/次 0.015598 ms
    BC(reuse) : 中位      9.8 ms │ 均值     10.3 │ 最小      8.1 │ 最大     13.4 │ avg/次 0.051259 ms
    Hutool    : 中位     14.2 ms │ 均值     14.6 │ 最小     11.9 │ 最大     16.9 │ avg/次 0.072832 ms
    >>> gm-java 最快  BC慢 219.4%  Hutool慢 365.4%

╔══ SM2 加解密 ══╗
    预热 gm-enc       500 次 ... 46.415 ms
    预热 gm-dec       500 次 ... 31.600 ms
    预热 BC-enc       500 次 ... 77.236 ms
    预热 BC-dec       500 次 ... 66.721 ms
    预热 HT-enc       500 次 ... 72.254 ms
    预热 HT-dec       500 次 ... 52.174 ms

  SM2 加密               │ 200 次/轮
    gm-java   : 中位     15.5 ms │ 均值     15.6 │ 最小     15.4 │ 最大     16.2 │ avg/次 0.078142 ms
    BC(reuse) : 中位     28.5 ms │ 均值     31.3 │ 最小     26.2 │ 最大     46.2 │ avg/次 0.156395 ms
    Hutool    : 中位     27.2 ms │ 均值     30.1 │ 最小     26.8 │ 最大     41.5 │ avg/次 0.150472 ms
    >>> gm-java 最快  BC慢 83.2%  Hutool慢 75.2%

  SM2 解密               │ 200 次/轮
    gm-java   : 中位     12.0 ms │ 均值     11.9 │ 最小     11.6 │ 最大     12.3 │ avg/次 0.059583 ms
    BC(reuse) : 中位     19.6 ms │ 均值     20.0 │ 最小     18.0 │ 最大     23.6 │ avg/次 0.099912 ms
    Hutool    : 中位     18.7 ms │ 均值     19.0 │ 最小     18.2 │ 最大     20.2 │ avg/次 0.095015 ms
    >>> gm-java 最快  BC慢 64.0%  Hutool慢 56.1%

╔══ SM2 签名/验签 ══╗
    预热 gm-sign      500 次 ... 8.215 ms
    预热 gm-vrfy      500 次 ... 28.191 ms
    预热 BC-sign      500 次 ... 23.070 ms
    预热 BC-vrfy      500 次 ... 31.520 ms
    预热 HT-sign      500 次 ... 43.560 ms
    预热 HT-vrfy      500 次 ... 28.017 ms

  SM2 签名               │ 200 次/轮
    gm-java   : 中位      3.1 ms │ 均值      3.1 │ 最小      3.1 │ 最大      3.2 │ avg/次 0.015732 ms
    BC(reuse) : 中位      8.7 ms │ 均值      8.7 │ 最小      8.6 │ 最大      8.9 │ avg/次 0.043725 ms
    Hutool    : 中位     16.9 ms │ 均值     18.1 │ 最小     16.6 │ 最大     22.1 │ avg/次 0.090464 ms
    >>> gm-java 最快  BC慢 177.4%  Hutool慢 436.0%

  SM2 验签               │ 200 次/轮
    gm-java   : 中位     10.7 ms │ 均值     10.7 │ 最小     10.6 │ 最大     10.8 │ avg/次 0.053498 ms
    BC(reuse) : 中位      9.2 ms │ 均值     10.9 │ 最小      9.1 │ 最大     17.0 │ avg/次 0.054450 ms
    Hutool    : 中位      9.8 ms │ 均值     11.1 │ 最小      9.5 │ 最大     16.3 │ avg/次 0.055479 ms
    >>> BC 最快  gm-java慢 16.2%  Hutool慢 6.5%

╔══ SM3 哈希 ══╗
    预热 gm-16B       500 次 ... 0.124 ms
    预热 BC-16B       500 次 ... 0.127 ms
    预热 HT-16B       500 次 ... 3.721 ms

  SM3 (16B)            │ 1000 次/轮
    gm-java   : 中位      0.2 ms │ 均值      0.2 │ 最小      0.2 │ 最大      0.2 │ avg/次 0.000237 ms
    BC        : 中位      0.2 ms │ 均值      0.2 │ 最小      0.2 │ 最大      0.3 │ avg/次 0.000245 ms
    Hutool    : 中位      0.6 ms │ 均值      0.6 │ 最小      0.5 │ 最大      0.6 │ avg/次 0.000556 ms
    >>> gm-java 最快  BC慢 1.5%  Hutool慢 136.9%
    预热 gm-1KB       500 次 ... 1.932 ms
    预热 BC-1KB       500 次 ... 1.906 ms
    预热 HT-1KB       500 次 ... 2.216 ms

  SM3 (1KB)            │ 1000 次/轮
    gm-java   : 中位      3.2 ms │ 均值      3.3 │ 最小      3.2 │ 最大      3.7 │ avg/次 0.003348 ms
    BC        : 中位      3.4 ms │ 均值      3.4 │ 最小      3.2 │ 最大      3.5 │ avg/次 0.003376 ms
    Hutool    : 中位      3.7 ms │ 均值      3.7 │ 最小      3.5 │ 最大      4.1 │ avg/次 0.003728 ms
    >>> gm-java 最快  BC慢 4.4%  Hutool慢 12.8%
    预热 gm-64KB       500 次 ... 95.265 ms
    预热 BC-64KB       500 次 ... 98.240 ms
    预热 HT-64KB       500 次 ... 103.861 ms

  SM3 (64KB)           │ 1000 次/轮
    gm-java   : 中位    188.2 ms │ 均值    187.8 │ 最小    183.5 │ 最大    189.8 │ avg/次 0.187830 ms
    BC        : 中位    191.5 ms │ 均值    191.9 │ 最小    188.3 │ 最大    196.1 │ avg/次 0.191868 ms
    Hutool    : 中位    205.8 ms │ 均值    204.3 │ 最小    198.4 │ 最大    209.1 │ avg/次 0.204280 ms
    >>> gm-java 最快  BC慢 1.8%  Hutool慢 9.4%
    预热 gm-1MB       500 次 ... 1496.311 ms
    预热 BC-1MB       500 次 ... 1550.757 ms
    预热 HT-1MB       500 次 ... 1625.132 ms

  SM3 (1MB)            │ 1000 次/轮
    gm-java   : 中位   3039.7 ms │ 均值   3034.6 │ 最小   3010.8 │ 最大   3047.8 │ avg/次 3.034563 ms
    BC        : 中位   3113.5 ms │ 均值   3112.9 │ 最小   3081.5 │ 最大   3144.8 │ avg/次 3.112929 ms
    Hutool    : 中位   3294.3 ms │ 均值   3288.5 │ 最小   3252.8 │ 最大   3306.5 │ avg/次 3.288480 ms
    >>> gm-java 最快  BC慢 2.4%  Hutool慢 8.4%

╔══ SM4 对称加解密 (1MB, warmup=50, rounds=20) ══╗
    互操作校验 ECB     gm/BC/Hutool
    预热 gm-ECB       50 次 ... 52 ms
    预热 BC-ECB       50 次 ... 376 ms
    预热 HT-ECB       50 次 ... 378 ms
    预热 gm-ECB-dec   50 次 ... 36 ms
    预热 BC-ECB-dec   50 次 ... 375 ms
    预热 HT-ECB-dec   50 次 ... 379 ms

  SM4-ECB 加密                     │ 20 × 1MB
    gm-java   : 中位     15.0 ms │ 均值     14.8 │ 最小     14.0 │ 最大     16.0 │ 1333.3 MB/s
    BC        : 中位    148.0 ms │ 均值    148.6 │ 最小    148.0 │ 最大    150.0 │ 135.1 MB/s
    Hutool    : 中位    150.0 ms │ 均值    150.2 │ 最小    150.0 │ 最大    151.0 │ 133.3 MB/s
    >>> gm-java 最快  BC慢 886.7%  Hutool慢 900.0%

  SM4-ECB 解密                     │ 20 × 1MB
    gm-java   : 中位     15.0 ms │ 均值     15.6 │ 最小     15.0 │ 最大     17.0 │ 1333.3 MB/s
    BC        : 中位    151.0 ms │ 均值    149.6 │ 最小    147.0 │ 最大    151.0 │ 132.5 MB/s
    Hutool    : 中位    151.0 ms │ 均值    150.4 │ 最小    147.0 │ 最大    155.0 │ 132.5 MB/s
    >>> gm-java 最快  BC慢 906.7%  Hutool慢 906.7%
    互操作校验 CBC     gm/BC/Hutool
    预热 gm-CBC       50 次 ... 260 ms
    预热 BC-CBC       50 次 ... 421 ms
    预热 HT-CBC       50 次 ... 418 ms
    预热 gm-CBC-dec   50 次 ... 37 ms
    预热 BC-CBC-dec   50 次 ... 417 ms
    预热 HT-CBC-dec   50 次 ... 407 ms

  SM4-CBC 加密                     │ 20 × 1MB
    gm-java   : 中位    104.0 ms │ 均值    102.8 │ 最小     99.0 │ 最大    105.0 │ 192.3 MB/s
    BC        : 中位    168.0 ms │ 均值    168.2 │ 最小    167.0 │ 最大    169.0 │ 119.0 MB/s
    Hutool    : 中位    168.0 ms │ 均值    168.8 │ 最小    167.0 │ 最大    172.0 │ 119.0 MB/s
    >>> gm-java 最快  BC慢 61.5%  Hutool慢 61.5%

  SM4-CBC 解密                     │ 20 × 1MB
    gm-java   : 中位     16.0 ms │ 均值     15.8 │ 最小     15.0 │ 最大     17.0 │ 1250.0 MB/s
    BC        : 中位    166.0 ms │ 均值    165.8 │ 最小    165.0 │ 最大    167.0 │ 120.5 MB/s
    Hutool    : 中位    166.0 ms │ 均值    165.8 │ 最小    163.0 │ 最大    168.0 │ 120.5 MB/s
    >>> gm-java 最快  BC慢 937.5%  Hutool慢 937.5%
    互操作校验 CTR     gm/BC/Hutool
    预热 gm-CTR       50 次 ... 28 ms
    预热 BC-CTR       50 次 ... 436 ms
    预热 HT-CTR       50 次 ... 414 ms
    预热 gm-CTR-dec   50 次 ... 31 ms
    预热 BC-CTR-dec   50 次 ... 438 ms
    预热 HT-CTR-dec   50 次 ... 415 ms

  SM4-CTR 加密 [gm并行配置=开启]         │ 20 × 1MB
    gm-java   : 中位     14.0 ms │ 均值     14.4 │ 最小     13.0 │ 最大     16.0 │ 1428.6 MB/s
    BC        : 中位    172.0 ms │ 均值    173.2 │ 最小    171.0 │ 最大    177.0 │ 116.3 MB/s
    Hutool    : 中位    166.0 ms │ 均值    166.2 │ 最小    166.0 │ 最大    167.0 │ 120.5 MB/s
    >>> gm-java 最快  BC慢 1128.6%  Hutool慢 1085.7%

  SM4-CTR 解密 [gm并行配置=开启]         │ 20 × 1MB
    gm-java   : 中位     13.0 ms │ 均值     13.0 │ 最小     12.0 │ 最大     15.0 │ 1538.5 MB/s
    BC        : 中位    175.0 ms │ 均值    174.4 │ 最小    173.0 │ 最大    175.0 │ 114.3 MB/s
    Hutool    : 中位    166.0 ms │ 均值    165.4 │ 最小    163.0 │ 最大    167.0 │ 120.5 MB/s
    >>> gm-java 最快  BC慢 1246.2%  Hutool慢 1176.9%

╔══ SM4 对称加解密 (10MB, warmup=25, rounds=10) ══╗
    互操作校验 ECB     gm/BC/Hutool
    预热 gm-ECB       25 次 ... 154 ms
    预热 BC-ECB       25 次 ... 1875 ms
    预热 HT-ECB       25 次 ... 1900 ms
    预热 gm-ECB-dec   25 次 ... 150 ms
    预热 BC-ECB-dec   25 次 ... 1877 ms
    预热 HT-ECB-dec   25 次 ... 1874 ms

  SM4-ECB 加密                     │ 10 × 10MB
    gm-java   : 中位     65.0 ms │ 均值     64.8 │ 最小     63.0 │ 最大     67.0 │ 1538.5 MB/s
    BC        : 中位    748.0 ms │ 均值    748.6 │ 最小    744.0 │ 最大    753.0 │ 133.7 MB/s
    Hutool    : 中位    751.0 ms │ 均值    751.4 │ 最小    745.0 │ 最大    758.0 │ 133.2 MB/s
    >>> gm-java 最快  BC慢 1050.8%  Hutool慢 1055.4%

  SM4-ECB 解密                     │ 10 × 10MB
    gm-java   : 中位     60.0 ms │ 均值     61.2 │ 最小     59.0 │ 最大     64.0 │ 1666.7 MB/s
    BC        : 中位    743.0 ms │ 均值    739.2 │ 最小    730.0 │ 最大    749.0 │ 134.6 MB/s
    Hutool    : 中位    749.0 ms │ 均值    748.4 │ 最小    744.0 │ 最大    753.0 │ 133.5 MB/s
    >>> gm-java 最快  BC慢 1138.3%  Hutool慢 1148.3%
    互操作校验 CBC     gm/BC/Hutool
    预热 gm-CBC       25 次 ... 1270 ms
    预热 BC-CBC       25 次 ... 2077 ms
    预热 HT-CBC       25 次 ... 2077 ms
    预热 gm-CBC-dec   25 次 ... 160 ms
    预热 BC-CBC-dec   25 次 ... 2019 ms
    预热 HT-CBC-dec   25 次 ... 2045 ms

  SM4-CBC 加密                     │ 10 × 10MB
    gm-java   : 中位    508.0 ms │ 均值    507.0 │ 最小    504.0 │ 最大    510.0 │ 196.9 MB/s
    BC        : 中位    834.0 ms │ 均值    828.2 │ 最小    806.0 │ 最大    839.0 │ 119.9 MB/s
    Hutool    : 中位    823.0 ms │ 均值    828.6 │ 最小    815.0 │ 最大    844.0 │ 121.5 MB/s
    >>> gm-java 最快  BC慢 64.2%  Hutool慢 62.0%

  SM4-CBC 解密                     │ 10 × 10MB
    gm-java   : 中位     65.0 ms │ 均值     64.2 │ 最小     60.0 │ 最大     66.0 │ 1538.5 MB/s
    BC        : 中位    818.0 ms │ 均值    817.6 │ 最小    802.0 │ 最大    828.0 │ 122.2 MB/s
    Hutool    : 中位    819.0 ms │ 均值    815.4 │ 最小    807.0 │ 最大    821.0 │ 122.1 MB/s
    >>> gm-java 最快  BC慢 1158.5%  Hutool慢 1160.0%
    互操作校验 CTR     gm/BC/Hutool
    预热 gm-CTR       25 次 ... 129 ms
    预热 BC-CTR       25 次 ... 2150 ms
    预热 HT-CTR       25 次 ... 2073 ms
    预热 gm-CTR-dec   25 次 ... 124 ms
    预热 BC-CTR-dec   25 次 ... 2125 ms
    预热 HT-CTR-dec   25 次 ... 2062 ms

  SM4-CTR 加密 [gm并行配置=开启]         │ 10 × 10MB
    gm-java   : 中位     53.0 ms │ 均值     52.8 │ 最小     51.0 │ 最大     55.0 │ 1886.8 MB/s
    BC        : 中位    862.0 ms │ 均值    859.0 │ 最小    844.0 │ 最大    868.0 │ 116.0 MB/s
    Hutool    : 中位    818.0 ms │ 均值    817.6 │ 最小    805.0 │ 最大    829.0 │ 122.2 MB/s
    >>> gm-java 最快  BC慢 1526.4%  Hutool慢 1443.4%

  SM4-CTR 解密 [gm并行配置=开启]         │ 10 × 10MB
    gm-java   : 中位     53.0 ms │ 均值     53.6 │ 最小     51.0 │ 最大     56.0 │ 1886.8 MB/s
    BC        : 中位    861.0 ms │ 均值    860.2 │ 最小    852.0 │ 最大    865.0 │ 116.1 MB/s
    Hutool    : 中位    819.0 ms │ 均值    818.8 │ 最小    806.0 │ 最大    832.0 │ 122.1 MB/s
    >>> gm-java 最快  BC慢 1524.5%  Hutool慢 1445.3%

╔══ SM4 对称加解密 (20MB, warmup=10, rounds=5) ══╗
    互操作校验 ECB     gm/BC/Hutool
    预热 gm-ECB       10 次 ... 121 ms
    预热 BC-ECB       10 次 ... 1475 ms
    预热 HT-ECB       10 次 ... 1484 ms
    预热 gm-ECB-dec   10 次 ... 115 ms
    预热 BC-ECB-dec   10 次 ... 1486 ms
    预热 HT-ECB-dec   10 次 ... 1489 ms

  SM4-ECB 加密                     │ 5 × 20MB
    gm-java   : 中位     62.0 ms │ 均值     62.0 │ 最小     58.0 │ 最大     66.0 │ 1612.9 MB/s
    BC        : 中位    750.0 ms │ 均值    748.6 │ 最小    742.0 │ 最大    753.0 │ 133.3 MB/s
    Hutool    : 中位    746.0 ms │ 均值    743.0 │ 最小    732.0 │ 最大    752.0 │ 134.0 MB/s
    >>> gm-java 最快  BC慢 1109.7%  Hutool慢 1103.2%

  SM4-ECB 解密                     │ 5 × 20MB
    gm-java   : 中位     58.0 ms │ 均值     57.8 │ 最小     56.0 │ 最大     60.0 │ 1724.1 MB/s
    BC        : 中位    748.0 ms │ 均值    744.0 │ 最小    732.0 │ 最大    749.0 │ 133.7 MB/s
    Hutool    : 中位    750.0 ms │ 均值    744.6 │ 最小    734.0 │ 最大    753.0 │ 133.3 MB/s
    >>> gm-java 最快  BC慢 1189.7%  Hutool慢 1193.1%
    互操作校验 CBC     gm/BC/Hutool
    预热 gm-CBC       10 次 ... 1009 ms
    预热 BC-CBC       10 次 ... 1644 ms
    预热 HT-CBC       10 次 ... 1673 ms
    预热 gm-CBC-dec   10 次 ... 120 ms
    预热 BC-CBC-dec   10 次 ... 1641 ms
    预热 HT-CBC-dec   10 次 ... 1644 ms

  SM4-CBC 加密                     │ 5 × 20MB
    gm-java   : 中位    509.0 ms │ 均值    508.8 │ 最小    502.0 │ 最大    513.0 │ 196.5 MB/s
    BC        : 中位    824.0 ms │ 均值    825.0 │ 最小    817.0 │ 最大    832.0 │ 121.4 MB/s
    Hutool    : 中位    830.0 ms │ 均值    831.8 │ 最小    826.0 │ 最大    841.0 │ 120.5 MB/s
    >>> gm-java 最快  BC慢 61.9%  Hutool慢 63.1%

  SM4-CBC 解密                     │ 5 × 20MB
    gm-java   : 中位     63.0 ms │ 均值     63.0 │ 最小     62.0 │ 最大     64.0 │ 1587.3 MB/s
    BC        : 中位    822.0 ms │ 均值    821.0 │ 最小    816.0 │ 最大    824.0 │ 121.7 MB/s
    Hutool    : 中位    816.0 ms │ 均值    815.6 │ 最小    810.0 │ 最大    821.0 │ 122.5 MB/s
    >>> gm-java 最快  BC慢 1204.8%  Hutool慢 1195.2%
    互操作校验 CTR     gm/BC/Hutool
    预热 gm-CTR       10 次 ... 95 ms
    预热 BC-CTR       10 次 ... 1732 ms
    预热 HT-CTR       10 次 ... 1658 ms
    预热 gm-CTR-dec   10 次 ... 94 ms
    预热 BC-CTR-dec   10 次 ... 1713 ms
    预热 HT-CTR-dec   10 次 ... 1644 ms

  SM4-CTR 加密 [gm并行配置=开启]         │ 5 × 20MB
    gm-java   : 中位     50.0 ms │ 均值     50.0 │ 最小     49.0 │ 最大     51.0 │ 2000.0 MB/s
    BC        : 中位    857.0 ms │ 均值    854.0 │ 最小    847.0 │ 最大    858.0 │ 116.7 MB/s
    Hutool    : 中位    822.0 ms │ 均值    821.0 │ 最小    814.0 │ 最大    826.0 │ 121.7 MB/s
    >>> gm-java 最快  BC慢 1614.0%  Hutool慢 1544.0%

  SM4-CTR 解密 [gm并行配置=开启]         │ 5 × 20MB
    gm-java   : 中位     49.0 ms │ 均值     49.0 │ 最小     47.0 │ 最大     51.0 │ 2040.8 MB/s
    BC        : 中位    863.0 ms │ 均值    858.4 │ 最小    846.0 │ 最大    865.0 │ 115.9 MB/s
    Hutool    : 中位    827.0 ms │ 均值    827.0 │ 最小    822.0 │ 最大    831.0 │ 120.9 MB/s
    >>> gm-java 最快  BC慢 1661.2%  Hutool慢 1587.8%

═══════════════════════════════════════════════════════════════
  全部测试完成
═══════════════════════════════════════════════════════════════

  报告已保存:
    reports\benchmark-comparison-20260714-133248-JDK25.log
    reports\summary-20260714-133248.md
