═══════════════════════════════════════════════════════════════
  测试类型：BenchmarkComparison
  测试时间：2026-07-16 14:39:38
  Git Commit：4fa4018
  版本：3.2.3
  JDK：25.0.1 (OpenJDK 64-Bit Server VM)
  OS：Windows 10 amd64
  CPUs：20
  Nat256：JNI
  BC SM2：lightweight engine/signer 预初始化后复用（签名使用 raw64 编码）
  SM4：gm并行配置=开启
  参数：SM2(warmup=500, rounds=200, sets=5), SM3(warmup=500, rounds=1000, sets=5), SM4(warmup=50, rounds=20, sets=5, dataMBs=[1, 10, 20])
═══════════════════════════════════════════════════════════════

╔══ SM2 密钥对生成 ══╗
    预热 gm-java      500 次 ... 16.797 ms
    预热 BC           500 次 ... 73.915 ms
    预热 Hutool       500 次 ... 102.029 ms

  SM2 密钥生成             │ 200 次/轮
    gm-java   : 中位      3.1 ms │ 均值      3.1 │ 最小      3.1 │ 最大      3.2 │ avg/次 0.015541 ms
    BC(reuse) : 中位      9.3 ms │ 均值     10.5 │ 最小      9.0 │ 最大     15.1 │ avg/次 0.052398 ms
    Hutool    : 中位     16.5 ms │ 均值     17.1 │ 最小     14.6 │ 最大     22.2 │ avg/次 0.085452 ms
    >>> gm-java 最快  BC慢 204.2%  Hutool慢 437.1%

╔══ SM2 加解密 ══╗
    预热 gm-enc       500 次 ... 45.581 ms
    预热 gm-dec       500 次 ... 32.323 ms
    预热 BC-enc       500 次 ... 111.271 ms
    预热 BC-dec       500 次 ... 50.827 ms
    预热 HT-enc       500 次 ... 74.428 ms
    预热 HT-dec       500 次 ... 50.354 ms

  SM2 加密               │ 200 次/轮
    gm-java   : 中位     15.4 ms │ 均值     15.6 │ 最小     15.0 │ 最大     16.5 │ avg/次 0.077891 ms
    BC(reuse) : 中位     27.7 ms │ 均值     27.9 │ 最小     25.8 │ 最大     29.8 │ avg/次 0.139707 ms
    Hutool    : 中位     26.2 ms │ 均值     28.9 │ 最小     25.8 │ 最大     37.0 │ avg/次 0.144293 ms
    >>> gm-java 最快  BC慢 79.9%  Hutool慢 70.7%

  SM2 解密               │ 200 次/轮
    gm-java   : 中位     12.1 ms │ 均值     12.0 │ 最小     11.5 │ 最大     12.5 │ avg/次 0.059961 ms
    BC(reuse) : 中位     22.1 ms │ 均值     24.2 │ 最小     18.2 │ 最大     38.3 │ avg/次 0.120874 ms
    Hutool    : 中位     20.4 ms │ 均值     24.0 │ 最小     17.4 │ 最大     42.1 │ avg/次 0.119863 ms
    >>> gm-java 最快  BC慢 82.6%  Hutool慢 68.5%

╔══ SM2 签名/验签 ══╗
    预热 gm-sign      500 次 ... 8.389 ms
    预热 gm-vrfy      500 次 ... 25.328 ms
    预热 BC-sign      500 次 ... 22.201 ms
    预热 BC-vrfy      500 次 ... 30.937 ms
    预热 HT-sign      500 次 ... 46.704 ms
    预热 HT-vrfy      500 次 ... 26.997 ms

  SM2 签名               │ 200 次/轮
    gm-java   : 中位      3.2 ms │ 均值      3.2 │ 最小      3.1 │ 最大      3.3 │ avg/次 0.015913 ms
    BC(reuse) : 中位      8.7 ms │ 均值      8.7 │ 最小      8.5 │ 最大      9.0 │ avg/次 0.043478 ms
    Hutool    : 中位     16.9 ms │ 均值     17.7 │ 最小     16.3 │ 最大     21.4 │ avg/次 0.088289 ms
    >>> gm-java 最快  BC慢 173.5%  Hutool慢 430.4%

  SM2 验签               │ 200 次/轮
    gm-java   : 中位      9.6 ms │ 均值      9.5 │ 最小      9.1 │ 最大      9.6 │ avg/次 0.047323 ms
    BC(reuse) : 中位     10.6 ms │ 均值     10.1 │ 最小      9.1 │ 最大     10.9 │ avg/次 0.050576 ms
    Hutool    : 中位     10.1 ms │ 均值      9.9 │ 最小      9.5 │ 最大     10.2 │ avg/次 0.049477 ms
    >>> gm-java 最快  BC慢 10.6%  Hutool慢 5.1%

╔══ SM3 哈希 ══╗
    预热 gm-16B       500 次 ... 0.130 ms
    预热 BC-16B       500 次 ... 0.131 ms
    预热 HT-16B       500 次 ... 3.365 ms

  SM3 (16B)            │ 1000 次/轮
    gm-java   : 中位      0.2 ms │ 均值      0.2 │ 最小      0.2 │ 最大      0.3 │ avg/次 0.000240 ms
    BC        : 中位      0.2 ms │ 均值      0.2 │ 最小      0.2 │ 最大      0.3 │ avg/次 0.000243 ms
    Hutool    : 中位      0.5 ms │ 均值      0.5 │ 最小      0.5 │ 最大      0.6 │ avg/次 0.000523 ms
    >>> gm-java 最快  BC慢 3.2%  Hutool慢 122.9%
    预热 gm-1KB       500 次 ... 1.685 ms
    预热 BC-1KB       500 次 ... 1.641 ms
    预热 HT-1KB       500 次 ... 1.862 ms

  SM3 (1KB)            │ 1000 次/轮
    gm-java   : 中位      3.3 ms │ 均值      3.3 │ 最小      3.2 │ 最大      3.5 │ avg/次 0.003325 ms
    BC        : 中位      3.4 ms │ 均值      3.3 │ 最小      3.2 │ 最大      3.4 │ avg/次 0.003325 ms
    Hutool    : 中位      3.5 ms │ 均值      3.5 │ 最小      3.4 │ 最大      3.8 │ avg/次 0.003535 ms
    >>> gm-java 最快  BC慢 3.1%  Hutool慢 8.2%
    预热 gm-64KB       500 次 ... 95.497 ms
    预热 BC-64KB       500 次 ... 98.190 ms
    预热 HT-64KB       500 次 ... 98.241 ms

  SM3 (64KB)           │ 1000 次/轮
    gm-java   : 中位    188.4 ms │ 均值    189.1 │ 最小    187.1 │ 最大    191.7 │ avg/次 0.189087 ms
    BC        : 中位    191.0 ms │ 均值    193.1 │ 最小    188.5 │ 最大    199.2 │ avg/次 0.193089 ms
    Hutool    : 中位    194.0 ms │ 均值    193.9 │ 最小    191.9 │ 最大    195.5 │ avg/次 0.193876 ms
    >>> gm-java 最快  BC慢 1.4%  Hutool慢 3.0%
    预热 gm-1MB       500 次 ... 1501.198 ms
    预热 BC-1MB       500 次 ... 1552.861 ms
    预热 HT-1MB       500 次 ... 1546.682 ms

  SM3 (1MB)            │ 1000 次/轮
    gm-java   : 中位   2982.5 ms │ 均值   2986.0 │ 最小   2964.1 │ 最大   3021.6 │ avg/次 2.986015 ms
    BC        : 中位   3071.1 ms │ 均值   3063.8 │ 最小   3031.3 │ 最大   3090.3 │ avg/次 3.063834 ms
    Hutool    : 中位   3046.3 ms │ 均值   3052.1 │ 最小   3028.7 │ 最大   3087.7 │ avg/次 3.052129 ms
    >>> gm-java 最快  BC慢 3.0%  Hutool慢 2.1%

╔══ SM4 对称加解密 (1MB, warmup=50, rounds=20) ══╗
    互操作校验 ECB     gm/BC/Hutool
    预热 gm-ECB       50 次 ... 77 ms
    预热 BC-ECB       50 次 ... 366 ms
    预热 HT-ECB       50 次 ... 372 ms
    预热 gm-ECB-dec   50 次 ... 37 ms
    预热 BC-ECB-dec   50 次 ... 373 ms
    预热 HT-ECB-dec   50 次 ... 363 ms

  SM4-ECB 加密                     │ 20 × 1MB
    gm-java   : 中位     13.0 ms │ 均值     13.0 │ 最小     12.0 │ 最大     14.0 │ 1538.5 MB/s
    BC        : 中位    146.0 ms │ 均值    147.0 │ 最小    145.0 │ 最大    151.0 │ 137.0 MB/s
    Hutool    : 中位    149.0 ms │ 均值    148.4 │ 最小    144.0 │ 最大    152.0 │ 134.2 MB/s
    >>> gm-java 最快  BC慢 1023.1%  Hutool慢 1046.2%

  SM4-ECB 解密                     │ 20 × 1MB
    gm-java   : 中位     14.0 ms │ 均值     14.6 │ 最小     14.0 │ 最大     16.0 │ 1428.6 MB/s
    BC        : 中位    145.0 ms │ 均值    145.0 │ 最小    143.0 │ 最大    147.0 │ 137.9 MB/s
    Hutool    : 中位    144.0 ms │ 均值    145.4 │ 最小    143.0 │ 最大    149.0 │ 138.9 MB/s
    >>> gm-java 最快  BC慢 935.7%  Hutool慢 928.6%
    互操作校验 CBC     gm/BC/Hutool
    预热 gm-CBC       50 次 ... 258 ms
    预热 BC-CBC       50 次 ... 428 ms
    预热 HT-CBC       50 次 ... 423 ms
    预热 gm-CBC-dec   50 次 ... 37 ms
    预热 BC-CBC-dec   50 次 ... 416 ms
    预热 HT-CBC-dec   50 次 ... 417 ms

  SM4-CBC 加密                     │ 20 × 1MB
    gm-java   : 中位    102.0 ms │ 均值    102.8 │ 最小    100.0 │ 最大    107.0 │ 196.1 MB/s
    BC        : 中位    169.0 ms │ 均值    169.8 │ 最小    166.0 │ 最大    175.0 │ 118.3 MB/s
    Hutool    : 中位    171.0 ms │ 均值    168.6 │ 最小    161.0 │ 最大    173.0 │ 117.0 MB/s
    >>> gm-java 最快  BC慢 65.7%  Hutool慢 67.6%

  SM4-CBC 解密                     │ 20 × 1MB
    gm-java   : 中位     15.0 ms │ 均值     14.8 │ 最小     14.0 │ 最大     16.0 │ 1333.3 MB/s
    BC        : 中位    164.0 ms │ 均值    165.2 │ 最小    162.0 │ 最大    168.0 │ 122.0 MB/s
    Hutool    : 中位    162.0 ms │ 均值    162.0 │ 最小    158.0 │ 最大    167.0 │ 123.5 MB/s
    >>> gm-java 最快  BC慢 993.3%  Hutool慢 980.0%
    互操作校验 CTR     gm/BC/Hutool
    预热 gm-CTR       50 次 ... 35 ms
    预热 BC-CTR       50 次 ... 434 ms
    预热 HT-CTR       50 次 ... 418 ms
    预热 gm-CTR-dec   50 次 ... 29 ms
    预热 BC-CTR-dec   50 次 ... 424 ms
    预热 HT-CTR-dec   50 次 ... 416 ms

  SM4-CTR 加密 [gm并行配置=开启]         │ 20 × 1MB
    gm-java   : 中位     14.0 ms │ 均值     14.0 │ 最小     13.0 │ 最大     15.0 │ 1428.6 MB/s
    BC        : 中位    173.0 ms │ 均值    172.4 │ 最小    170.0 │ 最大    174.0 │ 115.6 MB/s
    Hutool    : 中位    169.0 ms │ 均值    166.2 │ 最小    161.0 │ 最大    169.0 │ 118.3 MB/s
    >>> gm-java 最快  BC慢 1135.7%  Hutool慢 1107.1%

  SM4-CTR 解密 [gm并行配置=开启]         │ 20 × 1MB
    gm-java   : 中位     13.0 ms │ 均值     12.8 │ 最小     11.0 │ 最大     14.0 │ 1538.5 MB/s
    BC        : 中位    173.0 ms │ 均值    174.0 │ 最小    172.0 │ 最大    177.0 │ 115.6 MB/s
    Hutool    : 中位    167.0 ms │ 均值    167.6 │ 最小    167.0 │ 最大    170.0 │ 119.8 MB/s
    >>> gm-java 最快  BC慢 1230.8%  Hutool慢 1184.6%

╔══ SM4 对称加解密 (10MB, warmup=25, rounds=10) ══╗
    互操作校验 ECB     gm/BC/Hutool
    预热 gm-ECB       25 次 ... 152 ms
    预热 BC-ECB       25 次 ... 1884 ms
    预热 HT-ECB       25 次 ... 1837 ms
    预热 gm-ECB-dec   25 次 ... 150 ms
    预热 BC-ECB-dec   25 次 ... 1868 ms
    预热 HT-ECB-dec   25 次 ... 1820 ms

  SM4-ECB 加密                     │ 10 × 10MB
    gm-java   : 中位     60.0 ms │ 均值     60.2 │ 最小     57.0 │ 最大     64.0 │ 1666.7 MB/s
    BC        : 中位    742.0 ms │ 均值    743.8 │ 最小    730.0 │ 最大    760.0 │ 134.8 MB/s
    Hutool    : 中位    735.0 ms │ 均值    732.4 │ 最小    726.0 │ 最大    739.0 │ 136.1 MB/s
    >>> gm-java 最快  BC慢 1136.7%  Hutool慢 1125.0%

  SM4-ECB 解密                     │ 10 × 10MB
    gm-java   : 中位     61.0 ms │ 均值     61.6 │ 最小     60.0 │ 最大     65.0 │ 1639.3 MB/s
    BC        : 中位    746.0 ms │ 均值    746.8 │ 最小    742.0 │ 最大    754.0 │ 134.0 MB/s
    Hutool    : 中位    746.0 ms │ 均值    744.6 │ 最小    737.0 │ 最大    752.0 │ 134.0 MB/s
    >>> gm-java 最快  BC慢 1123.0%  Hutool慢 1123.0%
    互操作校验 CBC     gm/BC/Hutool
    预热 gm-CBC       25 次 ... 1273 ms
    预热 BC-CBC       25 次 ... 2107 ms
    预热 HT-CBC       25 次 ... 2084 ms
    预热 gm-CBC-dec   25 次 ... 163 ms
    预热 BC-CBC-dec   25 次 ... 2055 ms
    预热 HT-CBC-dec   25 次 ... 2058 ms

  SM4-CBC 加密                     │ 10 × 10MB
    gm-java   : 中位    511.0 ms │ 均值    510.8 │ 最小    502.0 │ 最大    520.0 │ 195.7 MB/s
    BC        : 中位    845.0 ms │ 均值    843.6 │ 最小    836.0 │ 最大    848.0 │ 118.3 MB/s
    Hutool    : 中位    846.0 ms │ 均值    845.0 │ 最小    840.0 │ 最大    848.0 │ 118.2 MB/s
    >>> gm-java 最快  BC慢 65.4%  Hutool慢 65.6%

  SM4-CBC 解密                     │ 10 × 10MB
    gm-java   : 中位     65.0 ms │ 均值     64.6 │ 最小     61.0 │ 最大     67.0 │ 1538.5 MB/s
    BC        : 中位    818.0 ms │ 均值    818.8 │ 最小    814.0 │ 最大    825.0 │ 122.2 MB/s
    Hutool    : 中位    819.0 ms │ 均值    814.4 │ 最小    794.0 │ 最大    823.0 │ 122.1 MB/s
    >>> gm-java 最快  BC慢 1158.5%  Hutool慢 1160.0%
    互操作校验 CTR     gm/BC/Hutool
    预热 gm-CTR       25 次 ... 123 ms
    预热 BC-CTR       25 次 ... 2153 ms
    预热 HT-CTR       25 次 ... 2043 ms
    预热 gm-CTR-dec   25 次 ... 124 ms
    预热 BC-CTR-dec   25 次 ... 2130 ms
    预热 HT-CTR-dec   25 次 ... 2052 ms

  SM4-CTR 加密 [gm并行配置=开启]         │ 10 × 10MB
    gm-java   : 中位     55.0 ms │ 均值     53.8 │ 最小     51.0 │ 最大     55.0 │ 1818.2 MB/s
    BC        : 中位    853.0 ms │ 均值    850.6 │ 最小    845.0 │ 最大    856.0 │ 117.2 MB/s
    Hutool    : 中位    818.0 ms │ 均值    820.2 │ 最小    813.0 │ 最大    828.0 │ 122.2 MB/s
    >>> gm-java 最快  BC慢 1450.9%  Hutool慢 1387.3%

  SM4-CTR 解密 [gm并行配置=开启]         │ 10 × 10MB
    gm-java   : 中位     54.0 ms │ 均值     53.4 │ 最小     52.0 │ 最大     54.0 │ 1851.9 MB/s
    BC        : 中位    859.0 ms │ 均值    856.0 │ 最小    848.0 │ 最大    862.0 │ 116.4 MB/s
    Hutool    : 中位    816.0 ms │ 均值    815.4 │ 最小    808.0 │ 最大    820.0 │ 122.5 MB/s
    >>> gm-java 最快  BC慢 1490.7%  Hutool慢 1411.1%

╔══ SM4 对称加解密 (20MB, warmup=10, rounds=5) ══╗
    互操作校验 ECB     gm/BC/Hutool
    预热 gm-ECB       10 次 ... 115 ms
    预热 BC-ECB       10 次 ... 1469 ms
    预热 HT-ECB       10 次 ... 1458 ms
    预热 gm-ECB-dec   10 次 ... 114 ms
    预热 BC-ECB-dec   10 次 ... 1478 ms
    预热 HT-ECB-dec   10 次 ... 1482 ms

  SM4-ECB 加密                     │ 5 × 20MB
    gm-java   : 中位     57.0 ms │ 均值     57.4 │ 最小     56.0 │ 最大     59.0 │ 1754.4 MB/s
    BC        : 中位    738.0 ms │ 均值    735.6 │ 最小    727.0 │ 最大    743.0 │ 135.5 MB/s
    Hutool    : 中位    730.0 ms │ 均值    734.8 │ 最小    727.0 │ 最大    748.0 │ 137.0 MB/s
    >>> gm-java 最快  BC慢 1194.7%  Hutool慢 1180.7%

  SM4-ECB 解密                     │ 5 × 20MB
    gm-java   : 中位     58.0 ms │ 均值     82.2 │ 最小     56.0 │ 最大    182.0 │ 1724.1 MB/s
    BC        : 中位    748.0 ms │ 均值    760.6 │ 最小    738.0 │ 最大    814.0 │ 133.7 MB/s
    Hutool    : 中位    742.0 ms │ 均值    741.2 │ 最小    727.0 │ 最大    753.0 │ 134.8 MB/s
    >>> gm-java 最快  BC慢 1189.7%  Hutool慢 1179.3%
    互操作校验 CBC     gm/BC/Hutool
    预热 gm-CBC       10 次 ... 1037 ms
    预热 BC-CBC       10 次 ... 1688 ms
    预热 HT-CBC       10 次 ... 1690 ms
    预热 gm-CBC-dec   10 次 ... 122 ms
    预热 BC-CBC-dec   10 次 ... 1628 ms
    预热 HT-CBC-dec   10 次 ... 1619 ms

  SM4-CBC 加密                     │ 5 × 20MB
    gm-java   : 中位    500.0 ms │ 均值    500.2 │ 最小    492.0 │ 最大    508.0 │ 200.0 MB/s
    BC        : 中位    826.0 ms │ 均值    827.8 │ 最小    820.0 │ 最大    836.0 │ 121.1 MB/s
    Hutool    : 中位    824.0 ms │ 均值    825.2 │ 最小    821.0 │ 最大    830.0 │ 121.4 MB/s
    >>> gm-java 最快  BC慢 65.2%  Hutool慢 64.8%

  SM4-CBC 解密                     │ 5 × 20MB
    gm-java   : 中位     63.0 ms │ 均值     61.8 │ 最小     59.0 │ 最大     64.0 │ 1587.3 MB/s
    BC        : 中位    820.0 ms │ 均值    817.6 │ 最小    803.0 │ 最大    833.0 │ 122.0 MB/s
    Hutool    : 中位    809.0 ms │ 均值    808.4 │ 最小    797.0 │ 最大    815.0 │ 123.6 MB/s
    >>> gm-java 最快  BC慢 1201.6%  Hutool慢 1184.1%
    互操作校验 CTR     gm/BC/Hutool
    预热 gm-CTR       10 次 ... 99 ms
    预热 BC-CTR       10 次 ... 1717 ms
    预热 HT-CTR       10 次 ... 1640 ms
    预热 gm-CTR-dec   10 次 ... 95 ms
    预热 BC-CTR-dec   10 次 ... 1696 ms
    预热 HT-CTR-dec   10 次 ... 1645 ms

  SM4-CTR 加密 [gm并行配置=开启]         │ 5 × 20MB
    gm-java   : 中位     51.0 ms │ 均值     49.6 │ 最小     47.0 │ 最大     52.0 │ 1960.8 MB/s
    BC        : 中位    857.0 ms │ 均值    855.2 │ 最小    841.0 │ 最大    867.0 │ 116.7 MB/s
    Hutool    : 中位    816.0 ms │ 均值    817.2 │ 最小    808.0 │ 最大    828.0 │ 122.5 MB/s
    >>> gm-java 最快  BC慢 1580.4%  Hutool慢 1500.0%

  SM4-CTR 解密 [gm并行配置=开启]         │ 5 × 20MB
    gm-java   : 中位     50.0 ms │ 均值     50.0 │ 最小     48.0 │ 最大     52.0 │ 2000.0 MB/s
    BC        : 中位    853.0 ms │ 均值    852.2 │ 最小    846.0 │ 最大    860.0 │ 117.2 MB/s
    Hutool    : 中位    818.0 ms │ 均值    822.8 │ 最小    812.0 │ 最大    836.0 │ 122.2 MB/s
    >>> gm-java 最快  BC慢 1606.0%  Hutool慢 1536.0%

═══════════════════════════════════════════════════════════════
  全部测试完成
═══════════════════════════════════════════════════════════════

  报告已保存:
    reports\benchmark-comparison-20260716-143938-JDK25.log
    reports\summary-20260716-143938.md
