═══════════════════════════════════════════════════════════════
  测试类型：BenchmarkComparison
  测试时间：2026-07-17 10:17:30
  Git Commit：814ee74
  版本：3.2.4
  JDK：25.0.1 (OpenJDK 64-Bit Server VM)
  OS：Windows 10 amd64
  CPUs：20
  Nat256：JNI
  BC SM2：lightweight engine/signer 预初始化后复用（签名使用 raw64 编码）
  SM4：gm并行配置=开启
  参数：SM2(warmup=500, rounds=200, sets=5), SM3(warmup=500, rounds=1000, sets=5), SM4(warmup=50, rounds=20, sets=5, dataMBs=[1, 10, 20])
═══════════════════════════════════════════════════════════════

╔══ SM2 密钥对生成 ══╗
    预热 gm-java      500 次 ... 14.315 ms
    预热 BC           500 次 ... 50.102 ms
    预热 Hutool       500 次 ... 74.157 ms

  SM2 密钥生成             │ 200 次/轮
    gm-java   : 中位      3.0 ms │ 均值      3.1 │ 最小      3.0 │ 最大      3.2 │ avg/次 0.015368 ms
    BC(reuse) : 中位      8.4 ms │ 均值      9.6 │ 最小      8.2 │ 最大     14.3 │ avg/次 0.048128 ms
    Hutool    : 中位     14.8 ms │ 均值     14.7 │ 最小     12.1 │ 最大     19.2 │ avg/次 0.073647 ms
    >>> gm-java 最快  BC慢 178.0%  Hutool慢 386.5%

╔══ SM2 加解密 ══╗
    预热 gm-enc       500 次 ... 43.905 ms
    预热 gm-dec       500 次 ... 30.945 ms
    预热 BC-enc       500 次 ... 75.108 ms
    预热 BC-dec       500 次 ... 65.351 ms
    预热 HT-enc       500 次 ... 78.061 ms
    预热 HT-dec       500 次 ... 49.638 ms

  SM2 加密               │ 200 次/轮
    gm-java   : 中位     15.7 ms │ 均值     15.7 │ 最小     15.5 │ 最大     16.1 │ avg/次 0.078626 ms
    BC(reuse) : 中位     26.7 ms │ 均值     31.5 │ 最小     26.1 │ 最大     48.5 │ avg/次 0.157342 ms
    Hutool    : 中位     30.1 ms │ 均值     31.0 │ 最小     26.3 │ 最大     41.5 │ avg/次 0.155218 ms
    >>> gm-java 最快  BC慢 69.8%  Hutool慢 91.6%

  SM2 解密               │ 200 次/轮
    gm-java   : 中位     11.8 ms │ 均值     11.9 │ 最小     11.6 │ 最大     12.3 │ avg/次 0.059648 ms
    BC(reuse) : 中位     19.8 ms │ 均值     21.9 │ 最小     17.4 │ 最大     34.4 │ avg/次 0.109552 ms
    Hutool    : 中位     21.5 ms │ 均值     22.4 │ 最小     18.0 │ 最大     29.5 │ avg/次 0.112179 ms
    >>> gm-java 最快  BC慢 67.2%  Hutool慢 81.9%

╔══ SM2 签名/验签 ══╗
    预热 gm-sign      500 次 ... 8.666 ms
    预热 gm-vrfy      500 次 ... 10.662 ms
    预热 BC-sign      500 次 ... 22.937 ms
    预热 BC-vrfy      500 次 ... 30.281 ms
    预热 HT-sign      500 次 ... 48.648 ms
    预热 HT-vrfy      500 次 ... 26.922 ms

  SM2 签名               │ 200 次/轮
    gm-java   : 中位      3.2 ms │ 均值      3.2 │ 最小      3.1 │ 最大      3.2 │ avg/次 0.015806 ms
    BC(reuse) : 中位      9.2 ms │ 均值      9.5 │ 最小      8.7 │ 最大     11.1 │ avg/次 0.047584 ms
    Hutool    : 中位     16.8 ms │ 均值     17.1 │ 最小     16.4 │ 最大     18.2 │ avg/次 0.085745 ms
    >>> gm-java 最快  BC慢 192.0%  Hutool慢 431.6%

  SM2 验签               │ 200 次/轮
    gm-java   : 中位      3.8 ms │ 均值      3.8 │ 最小      3.8 │ 最大      3.8 │ avg/次 0.018990 ms
    BC(reuse) : 中位      9.3 ms │ 均值     10.6 │ 最小      9.1 │ 最大     14.9 │ avg/次 0.052796 ms
    Hutool    : 中位      9.8 ms │ 均值     10.3 │ 最小      9.6 │ 最大     12.5 │ avg/次 0.051665 ms
    >>> gm-java 最快  BC慢 145.7%  Hutool慢 158.7%

╔══ SM3 哈希 ══╗
    预热 gm-16B       500 次 ... 0.252 ms
    预热 BC-16B       500 次 ... 0.131 ms
    预热 HT-16B       500 次 ... 3.640 ms

  SM3 (16B)            │ 1000 次/轮
    gm-java   : 中位      0.2 ms │ 均值      0.2 │ 最小      0.2 │ 最大      0.2 │ avg/次 0.000235 ms
    BC        : 中位      0.2 ms │ 均值      0.2 │ 最小      0.2 │ 最大      0.2 │ avg/次 0.000238 ms
    Hutool    : 中位      0.5 ms │ 均值      0.5 │ 最小      0.5 │ 最大      0.6 │ avg/次 0.000520 ms
    >>> gm-java 最快  BC慢 1.1%  Hutool慢 117.0%
    预热 gm-1KB       500 次 ... 1.940 ms
    预热 BC-1KB       500 次 ... 1.870 ms
    预热 HT-1KB       500 次 ... 2.172 ms

  SM3 (1KB)            │ 1000 次/轮
    gm-java   : 中位      3.3 ms │ 均值      3.4 │ 最小      3.2 │ 最大      3.8 │ avg/次 0.003370 ms
    BC        : 中位      3.3 ms │ 均值      3.4 │ 最小      3.3 │ 最大      3.5 │ avg/次 0.003360 ms
    Hutool    : 中位      3.5 ms │ 均值      3.6 │ 最小      3.5 │ 最大      3.6 │ avg/次 0.003556 ms
    >>> gm-java 最快  BC慢 1.8%  Hutool慢 8.4%
    预热 gm-64KB       500 次 ... 95.939 ms
    预热 BC-64KB       500 次 ... 100.301 ms
    预热 HT-64KB       500 次 ... 100.655 ms

  SM3 (64KB)           │ 1000 次/轮
    gm-java   : 中位    194.0 ms │ 均值    194.1 │ 最小    193.8 │ 最大    194.8 │ avg/次 0.194142 ms
    BC        : 中位    200.0 ms │ 均值    199.8 │ 最小    198.7 │ 最大    201.4 │ avg/次 0.199836 ms
    Hutool    : 中位    200.6 ms │ 均值    200.2 │ 最小    198.6 │ 最大    201.8 │ avg/次 0.200212 ms
    >>> gm-java 最快  BC慢 3.1%  Hutool慢 3.4%
    预热 gm-1MB       500 次 ... 1536.982 ms
    预热 BC-1MB       500 次 ... 1570.461 ms
    预热 HT-1MB       500 次 ... 1584.903 ms

  SM3 (1MB)            │ 1000 次/轮
    gm-java   : 中位   3072.4 ms │ 均值   3073.7 │ 最小   3065.8 │ 最大   3087.6 │ avg/次 3.073695 ms
    BC        : 中位   3145.7 ms │ 均值   3146.7 │ 最小   3140.7 │ 最大   3150.9 │ avg/次 3.146657 ms
    Hutool    : 中位   3172.5 ms │ 均值   3172.3 │ 最小   3168.5 │ 最大   3175.1 │ avg/次 3.172285 ms
    >>> gm-java 最快  BC慢 2.4%  Hutool慢 3.3%

╔══ SM4 对称加解密 (1MB, warmup=50, rounds=20) ══╗
    互操作校验 ECB     gm/BC/Hutool
    预热 gm-ECB       50 次 ... 61 ms
    预热 BC-ECB       50 次 ... 374 ms
    预热 HT-ECB       50 次 ... 378 ms
    预热 gm-ECB-dec   50 次 ... 31 ms
    预热 BC-ECB-dec   50 次 ... 377 ms
    预热 HT-ECB-dec   50 次 ... 378 ms

  SM4-ECB 加密                     │ 20 × 1MB
    gm-java   : 中位     14.0 ms │ 均值     14.8 │ 最小     14.0 │ 最大     16.0 │ 1428.6 MB/s
    BC        : 中位    150.0 ms │ 均值    149.6 │ 最小    147.0 │ 最大    152.0 │ 133.3 MB/s
    Hutool    : 中位    151.0 ms │ 均值    151.2 │ 最小    150.0 │ 最大    153.0 │ 132.5 MB/s
    >>> gm-java 最快  BC慢 971.4%  Hutool慢 978.6%

  SM4-ECB 解密                     │ 20 × 1MB
    gm-java   : 中位     14.0 ms │ 均值     14.0 │ 最小     13.0 │ 最大     16.0 │ 1428.6 MB/s
    BC        : 中位    151.0 ms │ 均值    150.6 │ 最小    148.0 │ 最大    152.0 │ 132.5 MB/s
    Hutool    : 中位    151.0 ms │ 均值    151.4 │ 最小    151.0 │ 最大    152.0 │ 132.5 MB/s
    >>> gm-java 最快  BC慢 978.6%  Hutool慢 978.6%
    互操作校验 CBC     gm/BC/Hutool
    预热 gm-CBC       50 次 ... 262 ms
    预热 BC-CBC       50 次 ... 424 ms
    预热 HT-CBC       50 次 ... 429 ms
    预热 gm-CBC-dec   50 次 ... 39 ms
    预热 BC-CBC-dec   50 次 ... 420 ms
    预热 HT-CBC-dec   50 次 ... 415 ms

  SM4-CBC 加密                     │ 20 × 1MB
    gm-java   : 中位    104.0 ms │ 均值    104.0 │ 最小    103.0 │ 最大    105.0 │ 192.3 MB/s
    BC        : 中位    171.0 ms │ 均值    170.2 │ 最小    168.0 │ 最大    171.0 │ 117.0 MB/s
    Hutool    : 中位    170.0 ms │ 均值    170.6 │ 最小    170.0 │ 最大    172.0 │ 117.6 MB/s
    >>> gm-java 最快  BC慢 64.4%  Hutool慢 63.5%

  SM4-CBC 解密                     │ 20 × 1MB
    gm-java   : 中位     15.0 ms │ 均值     14.8 │ 最小     13.0 │ 最大     16.0 │ 1333.3 MB/s
    BC        : 中位    169.0 ms │ 均值    168.4 │ 最小    167.0 │ 最大    169.0 │ 118.3 MB/s
    Hutool    : 中位    166.0 ms │ 均值    166.4 │ 最小    164.0 │ 最大    169.0 │ 120.5 MB/s
    >>> gm-java 最快  BC慢 1026.7%  Hutool慢 1006.7%
    互操作校验 CTR     gm/BC/Hutool
    预热 gm-CTR       50 次 ... 28 ms
    预热 BC-CTR       50 次 ... 439 ms
    预热 HT-CTR       50 次 ... 419 ms
    预热 gm-CTR-dec   50 次 ... 28 ms
    预热 BC-CTR-dec   50 次 ... 442 ms
    预热 HT-CTR-dec   50 次 ... 417 ms

  SM4-CTR 加密 [gm并行配置=开启]         │ 20 × 1MB
    gm-java   : 中位     14.0 ms │ 均值     13.4 │ 最小     11.0 │ 最大     15.0 │ 1428.6 MB/s
    BC        : 中位    176.0 ms │ 均值    175.8 │ 最小    174.0 │ 最大    178.0 │ 113.6 MB/s
    Hutool    : 中位    168.0 ms │ 均值    167.8 │ 最小    167.0 │ 最大    169.0 │ 119.0 MB/s
    >>> gm-java 最快  BC慢 1157.1%  Hutool慢 1100.0%

  SM4-CTR 解密 [gm并行配置=开启]         │ 20 × 1MB
    gm-java   : 中位     13.0 ms │ 均值     13.4 │ 最小     13.0 │ 最大     14.0 │ 1538.5 MB/s
    BC        : 中位    176.0 ms │ 均值    176.2 │ 最小    175.0 │ 最大    178.0 │ 113.6 MB/s
    Hutool    : 中位    167.0 ms │ 均值    167.4 │ 最小    167.0 │ 最大    169.0 │ 119.8 MB/s
    >>> gm-java 最快  BC慢 1253.8%  Hutool慢 1184.6%

╔══ SM4 对称加解密 (10MB, warmup=25, rounds=10) ══╗
    互操作校验 ECB     gm/BC/Hutool
    预热 gm-ECB       25 次 ... 155 ms
    预热 BC-ECB       25 次 ... 1901 ms
    预热 HT-ECB       25 次 ... 1878 ms
    预热 gm-ECB-dec   25 次 ... 139 ms
    预热 BC-ECB-dec   25 次 ... 1898 ms
    预热 HT-ECB-dec   25 次 ... 1881 ms

  SM4-ECB 加密                     │ 10 × 10MB
    gm-java   : 中位     59.0 ms │ 均值     59.4 │ 最小     57.0 │ 最大     62.0 │ 1694.9 MB/s
    BC        : 中位    758.0 ms │ 均值    758.4 │ 最小    756.0 │ 最大    761.0 │ 131.9 MB/s
    Hutool    : 中位    753.0 ms │ 均值    754.2 │ 最小    752.0 │ 最大    757.0 │ 132.8 MB/s
    >>> gm-java 最快  BC慢 1184.7%  Hutool慢 1176.3%

  SM4-ECB 解密                     │ 10 × 10MB
    gm-java   : 中位     59.0 ms │ 均值     61.2 │ 最小     55.0 │ 最大     73.0 │ 1694.9 MB/s
    BC        : 中位    758.0 ms │ 均值    757.6 │ 最小    755.0 │ 最大    759.0 │ 131.9 MB/s
    Hutool    : 中位    753.0 ms │ 均值    752.0 │ 最小    750.0 │ 最大    753.0 │ 132.8 MB/s
    >>> gm-java 最快  BC慢 1184.7%  Hutool慢 1176.3%
    互操作校验 CBC     gm/BC/Hutool
    预热 gm-CBC       25 次 ... 1289 ms
    预热 BC-CBC       25 次 ... 2113 ms
    预热 HT-CBC       25 次 ... 2114 ms
    预热 gm-CBC-dec   25 次 ... 153 ms
    预热 BC-CBC-dec   25 次 ... 2091 ms
    预热 HT-CBC-dec   25 次 ... 2080 ms

  SM4-CBC 加密                     │ 10 × 10MB
    gm-java   : 中位    516.0 ms │ 均值    515.6 │ 最小    512.0 │ 最大    518.0 │ 193.8 MB/s
    BC        : 中位    846.0 ms │ 均值    846.2 │ 最小    845.0 │ 最大    848.0 │ 118.2 MB/s
    Hutool    : 中位    847.0 ms │ 均值    846.4 │ 最小    844.0 │ 最大    849.0 │ 118.1 MB/s
    >>> gm-java 最快  BC慢 64.0%  Hutool慢 64.1%

  SM4-CBC 解密                     │ 10 × 10MB
    gm-java   : 中位     60.0 ms │ 均值     60.4 │ 最小     60.0 │ 最大     61.0 │ 1666.7 MB/s
    BC        : 中位    835.0 ms │ 均值    835.0 │ 最小    832.0 │ 最大    838.0 │ 119.8 MB/s
    Hutool    : 中位    829.0 ms │ 均值    829.4 │ 最小    828.0 │ 最大    831.0 │ 120.6 MB/s
    >>> gm-java 最快  BC慢 1291.7%  Hutool慢 1281.7%
    互操作校验 CTR     gm/BC/Hutool
    预热 gm-CTR       25 次 ... 128 ms
    预热 BC-CTR       25 次 ... 2189 ms
    预热 HT-CTR       25 次 ... 2108 ms
    预热 gm-CTR-dec   25 次 ... 123 ms
    预热 BC-CTR-dec   25 次 ... 2192 ms
    预热 HT-CTR-dec   25 次 ... 2103 ms

  SM4-CTR 加密 [gm并行配置=开启]         │ 10 × 10MB
    gm-java   : 中位     51.0 ms │ 均值     50.6 │ 最小     47.0 │ 最大     54.0 │ 1960.8 MB/s
    BC        : 中位    876.0 ms │ 均值    876.8 │ 最小    875.0 │ 最大    879.0 │ 114.2 MB/s
    Hutool    : 中位    841.0 ms │ 均值    841.8 │ 最小    838.0 │ 最大    847.0 │ 118.9 MB/s
    >>> gm-java 最快  BC慢 1617.6%  Hutool慢 1549.0%

  SM4-CTR 解密 [gm并行配置=开启]         │ 10 × 10MB
    gm-java   : 中位     49.0 ms │ 均值     50.4 │ 最小     48.0 │ 最大     55.0 │ 2040.8 MB/s
    BC        : 中位    877.0 ms │ 均值    877.2 │ 最小    875.0 │ 最大    879.0 │ 114.0 MB/s
    Hutool    : 中位    840.0 ms │ 均值    839.6 │ 最小    837.0 │ 最大    843.0 │ 119.0 MB/s
    >>> gm-java 最快  BC慢 1689.8%  Hutool慢 1614.3%

╔══ SM4 对称加解密 (20MB, warmup=10, rounds=5) ══╗
    互操作校验 ECB     gm/BC/Hutool
    预热 gm-ECB       10 次 ... 110 ms
    预热 BC-ECB       10 次 ... 1520 ms
    预热 HT-ECB       10 次 ... 1504 ms
    预热 gm-ECB-dec   10 次 ... 114 ms
    预热 BC-ECB-dec   10 次 ... 1514 ms
    预热 HT-ECB-dec   10 次 ... 1506 ms

  SM4-ECB 加密                     │ 5 × 20MB
    gm-java   : 中位     55.0 ms │ 均值     55.8 │ 最小     54.0 │ 最大     60.0 │ 1818.2 MB/s
    BC        : 中位    760.0 ms │ 均值    761.0 │ 最小    758.0 │ 最大    767.0 │ 131.6 MB/s
    Hutool    : 中位    751.0 ms │ 均值    751.2 │ 最小    750.0 │ 最大    754.0 │ 133.2 MB/s
    >>> gm-java 最快  BC慢 1281.8%  Hutool慢 1265.5%

  SM4-ECB 解密                     │ 5 × 20MB
    gm-java   : 中位     57.0 ms │ 均值     56.8 │ 最小     55.0 │ 最大     58.0 │ 1754.4 MB/s
    BC        : 中位    761.0 ms │ 均值    761.6 │ 最小    759.0 │ 最大    766.0 │ 131.4 MB/s
    Hutool    : 中位    753.0 ms │ 均值    753.0 │ 最小    751.0 │ 最大    755.0 │ 132.8 MB/s
    >>> gm-java 最快  BC慢 1235.1%  Hutool慢 1221.1%
    互操作校验 CBC     gm/BC/Hutool
    预热 gm-CBC       10 次 ... 1031 ms
    预热 BC-CBC       10 次 ... 1692 ms
    预热 HT-CBC       10 次 ... 1691 ms
    预热 gm-CBC-dec   10 次 ... 116 ms
    预热 BC-CBC-dec   10 次 ... 1674 ms
    预热 HT-CBC-dec   10 次 ... 1661 ms

  SM4-CBC 加密                     │ 5 × 20MB
    gm-java   : 中位    517.0 ms │ 均值    517.0 │ 最小    515.0 │ 最大    518.0 │ 193.4 MB/s
    BC        : 中位    844.0 ms │ 均值    844.0 │ 最小    841.0 │ 最大    846.0 │ 118.5 MB/s
    Hutool    : 中位    846.0 ms │ 均值    846.2 │ 最小    844.0 │ 最大    849.0 │ 118.2 MB/s
    >>> gm-java 最快  BC慢 63.2%  Hutool慢 63.6%

  SM4-CBC 解密                     │ 5 × 20MB
    gm-java   : 中位     60.0 ms │ 均值     59.8 │ 最小     59.0 │ 最大     61.0 │ 1666.7 MB/s
    BC        : 中位    835.0 ms │ 均值    834.8 │ 最小    833.0 │ 最大    837.0 │ 119.8 MB/s
    Hutool    : 中位    831.0 ms │ 均值    830.6 │ 最小    829.0 │ 最大    833.0 │ 120.3 MB/s
    >>> gm-java 最快  BC慢 1291.7%  Hutool慢 1285.0%
    互操作校验 CTR     gm/BC/Hutool
    预热 gm-CTR       10 次 ... 94 ms
    预热 BC-CTR       10 次 ... 1755 ms
    预热 HT-CTR       10 次 ... 1680 ms
    预热 gm-CTR-dec   10 次 ... 94 ms
    预热 BC-CTR-dec   10 次 ... 1762 ms
    预热 HT-CTR-dec   10 次 ... 1684 ms

  SM4-CTR 加密 [gm并行配置=开启]         │ 5 × 20MB
    gm-java   : 中位     50.0 ms │ 均值     50.4 │ 最小     48.0 │ 最大     53.0 │ 2000.0 MB/s
    BC        : 中位    879.0 ms │ 均值    879.2 │ 最小    878.0 │ 最大    881.0 │ 113.8 MB/s
    Hutool    : 中位    845.0 ms │ 均值    845.2 │ 最小    844.0 │ 最大    847.0 │ 118.3 MB/s
    >>> gm-java 最快  BC慢 1658.0%  Hutool慢 1590.0%

  SM4-CTR 解密 [gm并行配置=开启]         │ 5 × 20MB
    gm-java   : 中位     51.0 ms │ 均值     51.2 │ 最小     49.0 │ 最大     55.0 │ 1960.8 MB/s
    BC        : 中位    880.0 ms │ 均值    913.0 │ 最小    880.0 │ 最大   1044.0 │ 113.6 MB/s
    Hutool    : 中位    852.0 ms │ 均值    883.0 │ 最小    841.0 │ 最大    963.0 │ 117.4 MB/s
    >>> gm-java 最快  BC慢 1625.5%  Hutool慢 1570.6%

═══════════════════════════════════════════════════════════════
  全部测试完成
═══════════════════════════════════════════════════════════════

  报告已保存:
    reports\benchmark-comparison-20260717-101730-JDK25.log
    reports\summary-20260717-101730.md
