════════════════════════════════════════════════════════════════
  测试类型：TpsTest（吞吐量）
════════════════════════════════════════════════════════════════
  测试时间     : 2026-07-10 22:26:53
  Git Commit   : d340876
  版本         : 3.2.2-SNAPSHOT
  Nat256       : JNI 加速 (C)
  Java         : 21.0.6 (Java HotSpot(TM) 64-Bit Server VM)
  OS           : Windows 10 amd64
  CPUs         : 20
  测试时长     : 5 秒/轮，预热 2 秒
  并发线程     : [1, 8, 32]
  数据池大小   : 128 组（防缓存）
  SM4 数据量   : 1024 bytes/事务
════════════════════════════════════════════════════════════════

╔══ SM2 密钥对生成                      ══╗
    预热中 (2 秒)...
    预热完成，执行了 132613 次事务
    线程数      │          完成事务数 │            TPS │         平均延迟
    ─────── ─┼────────────────┼────────────────┼─────────────
        每秒 TPS: [1s]=68091  [2s]=69026  [3s]=68876  [4s]=68489  [5s]=68244  
    1        │         342742 │        67789.2 │      0.015 ms
        每秒 TPS: [1s]=530130  [2s]=534332  [3s]=534156  [4s]=535386  [5s]=533542  
    8        │        2667674 │       527416.8 │      0.015 ms
        每秒 TPS: [1s]=1010937  [2s]=1015152  [3s]=1011177  [4s]=1031270  [5s]=1027752  
    32       │        5096493 │       991921.6 │      0.032 ms

╔══ SM2 加密                         ══╗
    预热中 (2 秒)...
    预热完成，执行了 26338 次事务
    线程数      │          完成事务数 │            TPS │         平均延迟
    ─────── ─┼────────────────┼────────────────┼─────────────
        每秒 TPS: [1s]=13507  [2s]=13450  [3s]=13214  [4s]=13323  [5s]=13303  
    1        │          66800 │        13227.7 │      0.076 ms
        每秒 TPS: [1s]=102250  [2s]=101889  [3s]=102538  [4s]=103358  [5s]=103184  
    8        │         513241 │       101853.7 │      0.078 ms
        每秒 TPS: [1s]=197981  [2s]=196214  [3s]=196252  [4s]=197444  [5s]=195122  
    32       │         983075 │       192307.3 │      0.166 ms

╔══ SM2 解密                         ══╗
    预热中 (2 秒)...
    预热完成，执行了 32634 次事务
    线程数      │          完成事务数 │            TPS │         平均延迟
    ─────── ─┼────────────────┼────────────────┼─────────────
        每秒 TPS: [1s]=16824  [2s]=16692  [3s]=16637  [4s]=16825  [5s]=16543  
    1        │          83527 │        16572.8 │      0.060 ms
        每秒 TPS: [1s]=125769  [2s]=126187  [3s]=128296  [4s]=127708  [5s]=126252  
    8        │         634237 │       125716.0 │      0.064 ms
        每秒 TPS: [1s]=237337  [2s]=242549  [3s]=242634  [4s]=238794  [5s]=239859  
    32       │        1201232 │       236184.0 │      0.135 ms

╔══ SM2 签名                         ══╗
    预热中 (2 秒)...
    预热完成，执行了 125967 次事务
    线程数      │          完成事务数 │            TPS │         平均延迟
    ─────── ─┼────────────────┼────────────────┼─────────────
        每秒 TPS: [1s]=63175  [2s]=63913  [3s]=62696  [4s]=63523  [5s]=62697  
    1        │         316012 │        62477.7 │      0.016 ms
        每秒 TPS: [1s]=483428  [2s]=486569  [3s]=482418  [4s]=479742  [5s]=484421  
    8        │        2416652 │       477882.5 │      0.017 ms
        每秒 TPS: [1s]=921731  [2s]=911752  [3s]=932962  [4s]=906822  [5s]=929543  
    32       │        4603117 │       898519.8 │      0.035 ms

╔══ SM2 验签                         ══╗
    预热中 (2 秒)...
    预热完成，执行了 34680 次事务
    线程数      │          完成事务数 │            TPS │         平均延迟
    ─────── ─┼────────────────┼────────────────┼─────────────
        每秒 TPS: [1s]=17401  [2s]=17492  [3s]=17437  [4s]=17500  [5s]=17143  
    1        │          86976 │        17205.9 │      0.058 ms
        每秒 TPS: [1s]=133979  [2s]=134796  [3s]=134411  [4s]=133825  [5s]=134832  
    8        │         671866 │       132622.6 │      0.060 ms
        每秒 TPS: [1s]=257911  [2s]=252578  [3s]=260652  [4s]=256971  [5s]=259766  
    32       │        1287933 │       251844.5 │      0.127 ms

╔══ SM2 加解密(完整)                    ══╗
    预热中 (2 秒)...
    预热完成，执行了 14534 次事务
    线程数      │          完成事务数 │            TPS │         平均延迟
    ─────── ─┼────────────────┼────────────────┼─────────────
        每秒 TPS: [1s]=7498  [2s]=7370  [3s]=7455  [4s]=7342  [5s]=7386  
    1        │          37052 │         7356.0 │      0.136 ms
        每秒 TPS: [1s]=56152  [2s]=57163  [3s]=56854  [4s]=57435  [5s]=57367  
    8        │         284987 │        56332.7 │      0.142 ms
        每秒 TPS: [1s]=109936  [2s]=110056  [3s]=108934  [4s]=107697  [5s]=108938  
    32       │         547459 │       106035.1 │      0.301 ms

╔══ SM2 签名验签(完整)                   ══╗
    预热中 (2 秒)...
    预热完成，执行了 26872 次事务
    线程数      │          完成事务数 │            TPS │         平均延迟
    ─────── ─┼────────────────┼────────────────┼─────────────
        每秒 TPS: [1s]=13398  [2s]=13625  [3s]=13500  [4s]=13545  [5s]=13686  
    1        │          67757 │        13427.9 │      0.074 ms
        每秒 TPS: [1s]=104341  [2s]=104783  [3s]=103982  [4s]=105201  [5s]=105272  
    8        │         523605 │       103561.1 │      0.077 ms
        每秒 TPS: [1s]=199891  [2s]=198623  [3s]=200667  [4s]=202956  [5s]=205929  
    32       │        1011324 │       195387.2 │      0.163 ms

╔══ SM3 摘要(1KB)                    ══╗
    预热中 (2 秒)...
    预热完成，执行了 667073 次事务
    线程数      │          完成事务数 │            TPS │         平均延迟
    ─────── ─┼────────────────┼────────────────┼─────────────
        每秒 TPS: [1s]=328674  [2s]=327426  [3s]=327423  [4s]=329201  [5s]=325081  
    1        │        1637827 │       323617.3 │      0.003 ms
        每秒 TPS: [1s]=2477583  [2s]=2498090  [3s]=2502056  [4s]=2486121  [5s]=2502891  
    8        │       12467183 │      2462896.7 │      0.003 ms
        每秒 TPS: [1s]=5564508  [2s]=5435362  [3s]=5381671  [4s]=5188021  [5s]=5455082  
    32       │       27025322 │      5295967.5 │      0.006 ms

╔══ SM4-ECB 加密                     ══╗
    预热中 (2 秒)...
    预热完成，执行了 291185 次事务
    线程数      │          完成事务数 │            TPS │         平均延迟
    ─────── ─┼────────────────┼────────────────┼─────────────
        每秒 TPS: [1s]=146684  [2s]=149195  [3s]=150627  [4s]=146542  [5s]=149800  
    1        │         742864 │       147014.4 │      0.007 ms
        每秒 TPS: [1s]=1084268  [2s]=1090726  [3s]=1099159  [4s]=1094178  [5s]=1102077  
    8        │        5470648 │      1083940.6 │      0.007 ms
        每秒 TPS: [1s]=1803002  [2s]=1793270  [3s]=1793862  [4s]=1892682  [5s]=1843070  
    32       │        9126429 │      1769373.6 │      0.018 ms

╔══ SM4-ECB 解密                     ══╗
    预热中 (2 秒)...
    预热完成，执行了 285542 次事务
    线程数      │          完成事务数 │            TPS │         平均延迟
    ─────── ─┼────────────────┼────────────────┼─────────────
        每秒 TPS: [1s]=144518  [2s]=145844  [3s]=145561  [4s]=147268  [5s]=144776  
    1        │         728005 │       144216.5 │      0.007 ms
        每秒 TPS: [1s]=1048894  [2s]=1056905  [3s]=1059055  [4s]=1057542  [5s]=1057949  
    8        │        5280600 │      1045456.3 │      0.008 ms
        每秒 TPS: [1s]=1833491  [2s]=1847279  [3s]=1797199  [4s]=1847465  [5s]=1833365  
    32       │        9159570 │      1796698.7 │      0.017 ms

╔══ SM4-CBC 加密                     ══╗
    预热中 (2 秒)...
    预热完成，执行了 261451 次事务
    线程数      │          完成事务数 │            TPS │         平均延迟
    ─────── ─┼────────────────┼────────────────┼─────────────
        每秒 TPS: [1s]=131728  [2s]=129324  [3s]=129075  [4s]=128322  [5s]=130255  
    1        │         648721 │       128256.4 │      0.008 ms
        每秒 TPS: [1s]=957661  [2s]=948065  [3s]=953724  [4s]=958594  [5s]=955084  
    8        │        4773291 │       943897.8 │      0.008 ms
        每秒 TPS: [1s]=1772451  [2s]=1705198  [3s]=1747817  [4s]=1743972  [5s]=1793119  
    32       │        8762956 │      1714528.7 │      0.019 ms

╔══ SM4-CBC 解密                     ══╗
    预热中 (2 秒)...
    预热完成，执行了 283907 次事务
    线程数      │          完成事务数 │            TPS │         平均延迟
    ─────── ─┼────────────────┼────────────────┼─────────────
        每秒 TPS: [1s]=139876  [2s]=140729  [3s]=140701  [4s]=139515  [5s]=142917  
    1        │         703757 │       139330.2 │      0.007 ms
        每秒 TPS: [1s]=1030733  [2s]=1025658  [3s]=1033112  [4s]=1028837  [5s]=1029829  
    8        │        5148408 │      1019284.9 │      0.008 ms
        每秒 TPS: [1s]=1790329  [2s]=1847091  [3s]=1848148  [4s]=1797884  [5s]=1835234  
    32       │        9119307 │      1776949.9 │      0.018 ms

╔══ SM4-CTR 加密                     ══╗
    预热中 (2 秒)...
    预热完成，执行了 99879 次事务
    线程数      │          完成事务数 │            TPS │         平均延迟
    ─────── ─┼────────────────┼────────────────┼─────────────
        每秒 TPS: [1s]=49215  [2s]=50545  [3s]=48933  [4s]=50210  [5s]=50470  
    1        │         249381 │        49470.5 │      0.020 ms
        每秒 TPS: [1s]=88164  [2s]=90161  [3s]=90749  [4s]=91058  [5s]=90025  
    8        │         450174 │        89249.4 │      0.090 ms
        每秒 TPS: [1s]=90200  [2s]=89080  [3s]=90886  [4s]=91015  [5s]=88788  
    32       │         450012 │        89040.8 │      0.359 ms

╔══ SM4-CTR 解密                     ══╗
    预热中 (2 秒)...
    预热完成，执行了 100566 次事务
    线程数      │          完成事务数 │            TPS │         平均延迟
    ─────── ─┼────────────────┼────────────────┼─────────────
        每秒 TPS: [1s]=50691  [2s]=50108  [3s]=51156  [4s]=50578  [5s]=51144  
    1        │         253684 │        50125.3 │      0.020 ms
        每秒 TPS: [1s]=89618  [2s]=91272  [3s]=91181  [4s]=91247  [5s]=90774  
    8        │         454113 │        89498.0 │      0.089 ms
        每秒 TPS: [1s]=89205  [2s]=90689  [3s]=90670  [4s]=90261  [5s]=90433  
    32       │         451304 │        89155.3 │      0.359 ms

════════════════════════════════════════════════════════════════
  全部 TPS 测试完成
════════════════════════════════════════════════════════════════

  报告已保存: reports\tps-20260710-222653-JDK21.log
